Archive member included because of file (symbol)

/Applications/Arduino.app/Contents/Resources/Java/hardware/tools/g++_arm_none_eabi/bin/../lib/gcc/arm-none-eabi/4.4.1/thumb2/libgcc.a(unwind-arm.o)
                              Builds/variant.o (__aeabi_unwind_cpp_pr0)
/Applications/Arduino.app/Contents/Resources/Java/hardware/tools/g++_arm_none_eabi/bin/../lib/gcc/arm-none-eabi/4.4.1/thumb2/libgcc.a(libunwind.o)
                              /Applications/Arduino.app/Contents/Resources/Java/hardware/tools/g++_arm_none_eabi/bin/../lib/gcc/arm-none-eabi/4.4.1/thumb2/libgcc.a(unwind-arm.o) (restore_core_regs)
/Applications/Arduino.app/Contents/Resources/Java/hardware/tools/g++_arm_none_eabi/bin/../lib/gcc/arm-none-eabi/4.4.1/thumb2/libgcc.a(pr-support.o)
                              /Applications/Arduino.app/Contents/Resources/Java/hardware/tools/g++_arm_none_eabi/bin/../lib/gcc/arm-none-eabi/4.4.1/thumb2/libgcc.a(unwind-arm.o) (__gnu_unwind_execute)
/Applications/Arduino.app/Contents/Resources/Java/hardware/arduino/sam/variants/arduino_due_x/libsam_sam3x8e_gcc_rel.a(pio.o)
                              Builds/variant.o (PIO_Configure)
/Applications/Arduino.app/Contents/Resources/Java/hardware/arduino/sam/variants/arduino_due_x/libsam_sam3x8e_gcc_rel.a(pmc.o)
                              Builds/variant.o (pmc_enable_periph_clk)
/Applications/Arduino.app/Contents/Resources/Java/hardware/arduino/sam/variants/arduino_due_x/libsam_sam3x8e_gcc_rel.a(wdt.o)
                              Builds/variant.o (WDT_Disable)
/Applications/Arduino.app/Contents/Resources/Java/hardware/arduino/sam/variants/arduino_due_x/libsam_sam3x8e_gcc_rel.a(system_sam3xa.o)
                              Builds/variant.o (SystemInit)
/Applications/Arduino.app/Contents/Resources/Java/hardware/arduino/sam/variants/arduino_due_x/libsam_sam3x8e_gcc_rel.a(startup_sam3xa.o)
                              (Reset_Handler)
/Applications/Arduino.app/Contents/Resources/Java/hardware/arduino/sam/variants/arduino_due_x/libsam_sam3x8e_gcc_rel.a(adc.o)
                              Builds/variant.o (adc_init)
/Applications/Arduino.app/Contents/Resources/Java/hardware/arduino/sam/variants/arduino_due_x/libsam_sam3x8e_gcc_rel.a(uotghs.o)
                              /Applications/Arduino.app/Contents/Resources/Java/hardware/arduino/sam/variants/arduino_due_x/libsam_sam3x8e_gcc_rel.a(startup_sam3xa.o) (UOTGHS_Handler)
Builds/embeddedcomputing.a(WInterrupts.o)
                              /Applications/Arduino.app/Contents/Resources/Java/hardware/arduino/sam/variants/arduino_due_x/libsam_sam3x8e_gcc_rel.a(startup_sam3xa.o) (PIOA_Handler)
Builds/embeddedcomputing.a(cortex_handlers.o)
                              /Applications/Arduino.app/Contents/Resources/Java/hardware/arduino/sam/variants/arduino_due_x/libsam_sam3x8e_gcc_rel.a(startup_sam3xa.o) (SysTick_Handler)
Builds/embeddedcomputing.a(hooks.o)
                              Builds/embeddedcomputing.a(cortex_handlers.o) (sysTickHook)
Builds/embeddedcomputing.a(wiring.o)
                              Builds/command.o (delay)
Builds/embeddedcomputing.a(wiring_analog.o)
                              Builds/variant.o (analogOutputInit)
Builds/embeddedcomputing.a(wiring_digital.o)
                              Builds/variant.o (digitalWrite)
Builds/embeddedcomputing.a(Print.o)
                              Builds/command.o (_ZN5Print5printEc)
Builds/embeddedcomputing.a(Reset.o)
                              Builds/embeddedcomputing.a(cortex_handlers.o) (tickReset)
Builds/embeddedcomputing.a(RingBuffer.o)
                              Builds/variant.o (_ZN10RingBufferC1Ev)
Builds/embeddedcomputing.a(UARTClass.o)
                              Builds/variant.o (_ZN9UARTClassC1EP4Uart4IRQnmP10RingBuffer)
Builds/embeddedcomputing.a(USARTClass.o)
                              Builds/variant.o (_ZN10USARTClassC1EP5Usart4IRQnmP10RingBuffer)
Builds/embeddedcomputing.a(WString.o)
                              Builds/embeddedcomputing.a(Print.o) (_ZNK6StringixEj)
Builds/embeddedcomputing.a(cxxabi-compat.o)
                              Builds/embeddedcomputing.a(Print.o) (__cxa_pure_virtual)
Builds/embeddedcomputing.a(USBCore.o)
                              Builds/main.o (_ZN10USBDevice_6attachEv)
Builds/embeddedcomputing.a(Wire.o)
                              Builds/sense.o (_ZN7TwoWire5beginEv)
Builds/embeddedcomputing.a(AccelStepper.o)
                              Builds/move.o (_ZN12AccelStepper15currentPositionEv)
Builds/embeddedcomputing.a(CmdMessenger.o)
                              Builds/command.o (_ZN12CmdMessengerC1ER6Streamccc)
Builds/embeddedcomputing.a(DueTimer.o)
                              Builds/command.o (_ZN8DueTimer12getAvailableEv)
Builds/embeddedcomputing.a(MPU6050.o)
                              Builds/sense.o (_ZN7MPU6050C1Ev)
Builds/embeddedcomputing.a(MovingAvarageFilter.o)
                              Builds/command.o (_ZN19MovingAvarageFilterC1Ej)
[...]
Memory Configuration

Name             Origin             Length             Attributes
rom              0x00080000         0x00080000         xr
sram0            0x20000000         0x00010000         xrw
sram1            0x20080000         0x00008000         xrw
ram              0x20070000         0x00018000         xrw
*default*        0x00000000         0xffffffff

Linker script and memory map

LOAD /Applications/Arduino.app/Contents/Resources/Java/hardware/tools/g++_arm_none_eabi/bin/../lib/gcc/arm-none-eabi/4.4.1/thumb2/crti.o
LOAD /Applications/Arduino.app/Contents/Resources/Java/hardware/tools/g++_arm_none_eabi/bin/../lib/gcc/arm-none-eabi/4.4.1/thumb2/crtbegin.o
LOAD Builds/variant.o
LOAD /Applications/Arduino.app/Contents/Resources/Java/hardware/tools/g++_arm_none_eabi/bin/../lib/gcc/arm-none-eabi/4.4.1/thumb2/libgcc.a
START GROUP
LOAD Builds/syscalls_sam3.o
LOAD /Applications/Arduino.app/Contents/Resources/Java/hardware/arduino/sam/variants/arduino_due_x/libsam_sam3x8e_gcc_rel.a
LOAD Builds/command.o
LOAD Builds/main.o
LOAD Builds/move.o
LOAD Builds/sense.o
LOAD Builds/embeddedcomputing.a
END GROUP
LOAD /Applications/Arduino.app/Contents/Resources/Java/hardware/tools/g++_arm_none_eabi/bin/../lib/gcc/arm-none-eabi/4.4.1/../../../../arm-none-eabi/lib/thumb2/libstdc++.a
LOAD /Applications/Arduino.app/Contents/Resources/Java/hardware/tools/g++_arm_none_eabi/bin/../lib/gcc/arm-none-eabi/4.4.1/../../../../arm-none-eabi/lib/thumb2/libm.a
START GROUP
LOAD /Applications/Arduino.app/Contents/Resources/Java/hardware/tools/g++_arm_none_eabi/bin/../lib/gcc/arm-none-eabi/4.4.1/thumb2/libgcc.a
LOAD /Applications/Arduino.app/Contents/Resources/Java/hardware/tools/g++_arm_none_eabi/bin/../lib/gcc/arm-none-eabi/4.4.1/../../../../arm-none-eabi/lib/thumb2/libc.a
END GROUP
LOAD /Applications/Arduino.app/Contents/Resources/Java/hardware/tools/g++_arm_none_eabi/bin/../lib/gcc/arm-none-eabi/4.4.1/thumb2/crtend.o
LOAD /Applications/Arduino.app/Contents/Resources/Java/hardware/tools/g++_arm_none_eabi/bin/../lib/gcc/arm-none-eabi/4.4.1/thumb2/crtn.o

.text           0x00080000     0x725c
                0x00080000                . = ALIGN (0x4)
                0x00080000                _sfixed = .
 *(.vectors .vectors.*)
 .vectors       0x00080000       0xf4 /Applications/Arduino.app/Contents/Resources/Java/hardware/arduino/sam/variants/arduino_due_x/libsam_sam3x8e_gcc_rel.a(startup_sam3xa.o)
                0x00080000                exception_table
 *(.text .text.* .gnu.linkonce.t.*)
 .text          0x000800f4       0x30 /Applications/Arduino.app/Contents/Resources/Java/hardware/tools/g++_arm_none_eabi/bin/../lib/gcc/arm-none-eabi/4.4.1/thumb2/crtbegin.o
 .text._Z11serialEventv
                0x00080124        0x2 Builds/variant.o
                0x00080124                _Z11serialEventv
 .text._Z12serialEvent1v
                0x00080126        0x2 Builds/variant.o
                0x00080126                _Z12serialEvent1v
 .text._Z12serialEvent2v
                0x00080128        0x2 Builds/variant.o
                0x00080128                _Z12serialEvent2v
 .text._Z12serialEvent3v
                0x0008012a        0x2 Builds/variant.o
                0x0008012a                _Z12serialEvent3v
 .text.init     0x0008012c      0x134 Builds/variant.o
                0x0008012c                init
 .text._Z14serialEventRunv
                0x00080260       0x48 Builds/variant.o
                0x00080260                _Z14serialEventRunv
 .text.USART3_Handler
                0x000802a8        0xc Builds/variant.o
                0x000802a8                USART3_Handler
 .text.USART1_Handler
                0x000802b4        0xc Builds/variant.o
                0x000802b4                USART1_Handler
 .text.USART0_Handler
                0x000802c0        0xc Builds/variant.o
                0x000802c0                USART0_Handler
 .text.UART_Handler
                0x000802cc        0xc Builds/variant.o
                0x000802cc                UART_Handler
 .text._GLOBAL__I_g_APinDescription
                0x000802d8       0x8c Builds/variant.o
 .text          0x00080364      0xc58 /Applications/Arduino.app/Contents/Resources/Java/hardware/tools/g++_arm_none_eabi/bin/../lib/gcc/arm-none-eabi/4.4.1/thumb2/libgcc.a(unwind-arm.o)
                0x00080370                _Unwind_VRS_Get
                0x000803b8                _Unwind_VRS_Set
                0x00080478                _Unwind_GetCFA
                0x0008047c                _Unwind_Complete
                0x00080480                _Unwind_DeleteException
                0x000807d0                __aeabi_unwind_cpp_pr2
                0x000807d4                __aeabi_unwind_cpp_pr1
                0x000807d8                __aeabi_unwind_cpp_pr0
                0x00080914                __gnu_Unwind_Backtrace
                0x00080ae0                __gnu_Unwind_ForcedUnwind
                0x00080b24                __gnu_Unwind_RaiseException
                0x00080ba8                __gnu_Unwind_Resume_or_Rethrow
                0x00080bbc                __gnu_Unwind_Resume
                0x00080bf8                _Unwind_VRS_Pop
 .text          0x00080fbc      0x1ac /Applications/Arduino.app/Contents/Resources/Java/hardware/tools/g++_arm_none_eabi/bin/../lib/gcc/arm-none-eabi/4.4.1/thumb2/libgcc.a(libunwind.o)
                0x00080fbc                __restore_core_regs
                0x00080fbc                restore_core_regs
                0x00080fd4                __gnu_Unwind_Restore_VFP
                0x00080fdc                __gnu_Unwind_Save_VFP
                0x00080fe4                __gnu_Unwind_Restore_VFP_D
                0x00080fec                __gnu_Unwind_Save_VFP_D
                0x00080ff4                __gnu_Unwind_Restore_VFP_D_16_to_31
                0x00080ffc                __gnu_Unwind_Save_VFP_D_16_to_31
                0x00081004                __gnu_Unwind_Restore_WMMXD
                0x00081048                __gnu_Unwind_Save_WMMXD
                0x0008108c                __gnu_Unwind_Restore_WMMXC
                0x000810a0                __gnu_Unwind_Save_WMMXC
                0x000810b4                _Unwind_RaiseException
                0x000810b4                ___Unwind_RaiseException
                0x000810d8                ___Unwind_Resume
                0x000810d8                _Unwind_Resume
                0x000810fc                ___Unwind_Resume_or_Rethrow
                0x000810fc                _Unwind_Resume_or_Rethrow
                0x00081120                _Unwind_ForcedUnwind
                0x00081120                ___Unwind_ForcedUnwind
                0x00081144                _Unwind_Backtrace
                0x00081144                ___Unwind_Backtrace
 .text          0x00081168      0x3b8 /Applications/Arduino.app/Contents/Resources/Java/hardware/tools/g++_arm_none_eabi/bin/../lib/gcc/arm-none-eabi/4.4.1/thumb2/libgcc.a(pr-support.o)
                0x000811a0                _Unwind_GetTextRelBase
                0x000811a8                _Unwind_GetDataRelBase
                0x000811cc                _Unwind_GetLanguageSpecificData
                0x000811e0                _Unwind_GetRegionStart
                0x000811ec                __gnu_unwind_execute
                0x000814f4                __gnu_unwind_frame
 .text._sbrk    0x00081520       0x20 Builds/syscalls_sam3.o
                0x00081520                _sbrk
 .text._close   0x00081540        0x6 Builds/syscalls_sam3.o
                0x00081540                _close
 .text._fstat   0x00081546        0xa Builds/syscalls_sam3.o
                0x00081546                _fstat
 .text._isatty  0x00081550        0x4 Builds/syscalls_sam3.o
                0x00081550                _isatty
 .text._lseek   0x00081554        0x4 Builds/syscalls_sam3.o
                0x00081554                _lseek
 .text._read    0x00081558        0x4 Builds/syscalls_sam3.o
                0x00081558                _read
 .text._write   0x0008155c       0x20 Builds/syscalls_sam3.o
                0x0008155c                _write
 .text._kill    0x0008157c        0x2 Builds/syscalls_sam3.o
                0x0008157c                _kill
 .text._getpid  0x0008157e        0x6 Builds/syscalls_sam3.o
                0x0008157e                _getpid
 .text._exit    0x00081584       0x10 Builds/syscalls_sam3.o
                0x00081584                _exit
 .text.PIO_DisableInterrupt
                0x00081594        0x4 /Applications/Arduino.app/Contents/Resources/Java/hardware/arduino/sam/variants/arduino_due_x/libsam_sam3x8e_gcc_rel.a(pio.o)
                0x00081594                PIO_DisableInterrupt
 .text.PIO_PullUp
                0x00081598        0xa /Applications/Arduino.app/Contents/Resources/Java/hardware/arduino/sam/variants/arduino_due_x/libsam_sam3x8e_gcc_rel.a(pio.o)
                0x00081598                PIO_PullUp
 .text.PIO_SetPeripheral
                0x000815a2       0x2a /Applications/Arduino.app/Contents/Resources/Java/hardware/arduino/sam/variants/arduino_due_x/libsam_sam3x8e_gcc_rel.a(pio.o)
                0x000815a2                PIO_SetPeripheral
 .text.PIO_SetInput
                0x000815cc       0x40 /Applications/Arduino.app/Contents/Resources/Java/hardware/arduino/sam/variants/arduino_due_x/libsam_sam3x8e_gcc_rel.a(pio.o)
                0x000815cc                PIO_SetInput
 .text.PIO_SetOutput
                0x0008160c       0x38 /Applications/Arduino.app/Contents/Resources/Java/hardware/arduino/sam/variants/arduino_due_x/libsam_sam3x8e_gcc_rel.a(pio.o)
                0x0008160c                PIO_SetOutput
 .text.PIO_Configure
                0x00081644       0x74 /Applications/Arduino.app/Contents/Resources/Java/hardware/arduino/sam/variants/arduino_due_x/libsam_sam3x8e_gcc_rel.a(pio.o)
                0x00081644                PIO_Configure
 .text.PIO_GetOutputDataStatus
                0x000816b8       0x16 /Applications/Arduino.app/Contents/Resources/Java/hardware/arduino/sam/variants/arduino_due_x/libsam_sam3x8e_gcc_rel.a(pio.o)
                0x000816b8                PIO_GetOutputDataStatus
 *fill*         0x000816ce        0x2 00
 .text.pmc_enable_upll_clock
                0x000816d0       0x18 /Applications/Arduino.app/Contents/Resources/Java/hardware/arduino/sam/variants/arduino_due_x/libsam_sam3x8e_gcc_rel.a(pmc.o)
                0x000816d0                pmc_enable_upll_clock
 .text.pmc_enable_periph_clk
                0x000816e8       0x48 /Applications/Arduino.app/Contents/Resources/Java/hardware/arduino/sam/variants/arduino_due_x/libsam_sam3x8e_gcc_rel.a(pmc.o)
                0x000816e8                pmc_enable_periph_clk
 .text.pmc_disable_periph_clk
                0x00081730       0x48 /Applications/Arduino.app/Contents/Resources/Java/hardware/arduino/sam/variants/arduino_due_x/libsam_sam3x8e_gcc_rel.a(pmc.o)
                0x00081730                pmc_disable_periph_clk
 .text.pmc_switch_udpck_to_upllck
                0x00081778       0x14 /Applications/Arduino.app/Contents/Resources/Java/hardware/arduino/sam/variants/arduino_due_x/libsam_sam3x8e_gcc_rel.a(pmc.o)
                0x00081778                pmc_switch_udpck_to_upllck
 .text.pmc_enable_udpck
                0x0008178c        0xc /Applications/Arduino.app/Contents/Resources/Java/hardware/arduino/sam/variants/arduino_due_x/libsam_sam3x8e_gcc_rel.a(pmc.o)
                0x0008178c                pmc_enable_udpck
 .text.WDT_Disable
                0x00081798        0x8 /Applications/Arduino.app/Contents/Resources/Java/hardware/arduino/sam/variants/arduino_due_x/libsam_sam3x8e_gcc_rel.a(wdt.o)
                0x00081798                WDT_Disable
 .text.SystemInit
                0x000817a0       0x9c /Applications/Arduino.app/Contents/Resources/Java/hardware/arduino/sam/variants/arduino_due_x/libsam_sam3x8e_gcc_rel.a(system_sam3xa.o)
                0x000817a0                SystemInit
 .text.Reset_Handler
                0x0008183c       0x70 /Applications/Arduino.app/Contents/Resources/Java/hardware/arduino/sam/variants/arduino_due_x/libsam_sam3x8e_gcc_rel.a(startup_sam3xa.o)
                0x0008183c                Reset_Handler
 .text.adc_init
                0x000818ac       0xa0 /Applications/Arduino.app/Contents/Resources/Java/hardware/arduino/sam/variants/arduino_due_x/libsam_sam3x8e_gcc_rel.a(adc.o)
                0x000818ac                adc_init
 .text.adc_configure_trigger
                0x0008194c       0x10 /Applications/Arduino.app/Contents/Resources/Java/hardware/arduino/sam/variants/arduino_due_x/libsam_sam3x8e_gcc_rel.a(adc.o)
                0x0008194c                adc_configure_trigger
 .text.adc_configure_timing
                0x0008195c       0x1a /Applications/Arduino.app/Contents/Resources/Java/hardware/arduino/sam/variants/arduino_due_x/libsam_sam3x8e_gcc_rel.a(adc.o)
                0x0008195c                adc_configure_timing
 .text.adc_disable_all_channel
                0x00081976        0x8 /Applications/Arduino.app/Contents/Resources/Java/hardware/arduino/sam/variants/arduino_due_x/libsam_sam3x8e_gcc_rel.a(adc.o)
                0x00081976                adc_disable_all_channel
 .text.adc_disable_interrupt
                0x0008197e        0x4 /Applications/Arduino.app/Contents/Resources/Java/hardware/arduino/sam/variants/arduino_due_x/libsam_sam3x8e_gcc_rel.a(adc.o)
                0x0008197e                adc_disable_interrupt
 *fill*         0x00081982        0x2 00
 .text.UOTGHS_Handler
                0x00081984       0x10 /Applications/Arduino.app/Contents/Resources/Java/hardware/arduino/sam/variants/arduino_due_x/libsam_sam3x8e_gcc_rel.a(uotghs.o)
                0x00081984                UOTGHS_Handler
 .text._GLOBAL__I__ZN7MPU605013dmpInitializeEv
                0x00081994       0x78 Builds/command.o
 .text.main     0x00081a0c       0x28 Builds/main.o
                0x00081a0c                main
 .text._GLOBAL__I_leftDirPin
                0x00081a34       0x50 Builds/move.o
 .text._GLOBAL__I__ZN7MPU605013dmpInitializeEv
                0x00081a84       0x30 Builds/sense.o
 .text.PIOA_Handler
                0x00081ab4       0x2c Builds/embeddedcomputing.a(WInterrupts.o)
                0x00081ab4                PIOA_Handler
 .text.PIOB_Handler
                0x00081ae0       0x2c Builds/embeddedcomputing.a(WInterrupts.o)
                0x00081ae0                PIOB_Handler
 .text.PIOC_Handler
                0x00081b0c       0x2c Builds/embeddedcomputing.a(WInterrupts.o)
                0x00081b0c                PIOC_Handler
 .text.PIOD_Handler
                0x00081b38       0x2c Builds/embeddedcomputing.a(WInterrupts.o)
                0x00081b38                PIOD_Handler
 .text.__halt   0x00081b64        0x2 Builds/embeddedcomputing.a(cortex_handlers.o)
                0x00081b64                SPI0_Handler
                0x00081b64                DebugMon_Handler
                0x00081b64                DMAC_Handler
                0x00081b64                TRNG_Handler
                0x00081b64                HardFault_Handler
                0x00081b64                NMI_Handler
                0x00081b64                ADC_Handler
                0x00081b64                SMC_Handler
                0x00081b64                RTT_Handler
                0x00081b64                EFC1_Handler
                0x00081b64                RTC_Handler
                0x00081b64                UsageFault_Handler
                0x00081b64                WDT_Handler
                0x00081b64                CAN0_Handler
                0x00081b64                HSMCI_Handler
                0x00081b64                SSC_Handler
                0x00081b64                EFC0_Handler
                0x00081b64                PMC_Handler
                0x00081b64                PWM_Handler
                0x00081b64                CAN1_Handler
                0x00081b64                MemManage_Handler
                0x00081b64                SUPC_Handler
                0x00081b64                USART2_Handler
                0x00081b64                EMAC_Handler
                0x00081b64                BusFault_Handler
                0x00081b64                RSTC_Handler
                0x00081b64                DACC_Handler
 .text.SysTick_Handler
                0x00081b66       0x16 Builds/embeddedcomputing.a(cortex_handlers.o)
                0x00081b66                SysTick_Handler
 .text.PendSV_Handler
                0x00081b7c        0x4 Builds/embeddedcomputing.a(cortex_handlers.o)
                0x00081b7c                PendSV_Handler
 .text.SVC_Handler
                0x00081b80        0x4 Builds/embeddedcomputing.a(cortex_handlers.o)
                0x00081b80                SVC_Handler
 .text.__empty  0x00081b84        0x2 Builds/embeddedcomputing.a(hooks.o)
                0x00081b84                yield
 .text.__false  0x00081b86        0x4 Builds/embeddedcomputing.a(hooks.o)
                0x00081b86                sysTickHook
 .text.__halt   0x00081b8a        0x2 Builds/embeddedcomputing.a(hooks.o)
                0x00081b8a                pendSVHook
                0x00081b8a                svcHook
 .text.millis   0x00081b8c        0x4 Builds/embeddedcomputing.a(wiring.o)
                0x00081b8c                millis
 .text.delay    0x00081b90       0x1a Builds/embeddedcomputing.a(wiring.o)
                0x00081b90                delay
 *fill*         0x00081baa        0x2 00
 .text.analogOutputInit
                0x00081bac       0x14 Builds/embeddedcomputing.a(wiring_analog.o)
                0x00081bac                analogOutputInit
 .text.digitalWrite
                0x00081bc0       0x48 Builds/embeddedcomputing.a(wiring_digital.o)
                0x00081bc0                digitalWrite
 .text.pinMode  0x00081c08       0x68 Builds/embeddedcomputing.a(wiring_digital.o)
                0x00081c08                pinMode
 .text._ZN5Print5writeEPKhj
                0x00081c70       0x2e Builds/embeddedcomputing.a(Print.o)
                0x00081c70                _ZN5Print5writeEPKhj
 *fill*         0x00081c9e        0x2 00
 .text.initiateReset
                0x00081ca0        0xc Builds/embeddedcomputing.a(Reset.o)
                0x00081ca0                initiateReset
 .text.cancelReset
                0x00081cac       0x10 Builds/embeddedcomputing.a(Reset.o)
                0x00081cac                cancelReset
 .text.tickReset
                0x00081cbc       0x20 Builds/embeddedcomputing.a(Reset.o)
                0x00081cbc                tickReset
 .text._ZN10RingBuffer10store_charEh
                0x00081cdc       0x16 Builds/embeddedcomputing.a(RingBuffer.o)
                0x00081cdc                _ZN10RingBuffer10store_charEh
 .text._ZN10RingBufferC1Ev
                0x00081cf2       0x16 Builds/embeddedcomputing.a(RingBuffer.o)
                0x00081cf2                _ZN10RingBufferC1Ev
 .text._ZN9UARTClasscvbEv
                0x00081d08        0x4 Builds/embeddedcomputing.a(UARTClass.o)
                0x00081d08                _ZN9UARTClasscvbEv
 .text._ZN9UARTClassC1EP4Uart4IRQnmP10RingBuffer
                0x00081d0c       0x24 Builds/embeddedcomputing.a(UARTClass.o)
                0x00081d0c                _ZN9UARTClassC1EP4Uart4IRQnmP10RingBuffer
 .text._ZN9UARTClass9availableEv
                0x00081d30        0xe Builds/embeddedcomputing.a(UARTClass.o)
                0x00081d30                _ZN9UARTClass9availableEv
 .text._ZN9UARTClass4peekEv
                0x00081d3e       0x12 Builds/embeddedcomputing.a(UARTClass.o)
                0x00081d3e                _ZN9UARTClass4peekEv
 .text._ZN9UARTClass4readEv
                0x00081d50       0x1c Builds/embeddedcomputing.a(UARTClass.o)
                0x00081d50                _ZN9UARTClass4readEv
 .text._ZN9UARTClass5flushEv
                0x00081d6c        0xc Builds/embeddedcomputing.a(UARTClass.o)
                0x00081d6c                _ZN9UARTClass5flushEv
 .text._ZN9UARTClass5writeEh
                0x00081d78       0x10 Builds/embeddedcomputing.a(UARTClass.o)
                0x00081d78                _ZN9UARTClass5writeEh
 .text._ZN9UARTClass10IrqHandlerEv
                0x00081d88       0x2a Builds/embeddedcomputing.a(UARTClass.o)
                0x00081d88                _ZN9UARTClass10IrqHandlerEv
 .text._ZN10USARTClasscvbEv
                0x00081db2        0x4 Builds/embeddedcomputing.a(USARTClass.o)
                0x00081db2                _ZN10USARTClasscvbEv
 *fill*         0x00081db6        0x2 00
 .text._ZN10USARTClassC1EP5Usart4IRQnmP10RingBuffer
                0x00081db8       0x24 Builds/embeddedcomputing.a(USARTClass.o)
                0x00081db8                _ZN10USARTClassC1EP5Usart4IRQnmP10RingBuffer
 .text._ZN10USARTClass9availableEv
                0x00081ddc        0xe Builds/embeddedcomputing.a(USARTClass.o)
                0x00081ddc                _ZN10USARTClass9availableEv
 .text._ZN10USARTClass4peekEv
                0x00081dea       0x12 Builds/embeddedcomputing.a(USARTClass.o)
                0x00081dea                _ZN10USARTClass4peekEv
 .text._ZN10USARTClass4readEv
                0x00081dfc       0x1c Builds/embeddedcomputing.a(USARTClass.o)
                0x00081dfc                _ZN10USARTClass4readEv
 .text._ZN10USARTClass5flushEv
                0x00081e18        0xc Builds/embeddedcomputing.a(USARTClass.o)
                0x00081e18                _ZN10USARTClass5flushEv
 .text._ZN10USARTClass5writeEh
                0x00081e24       0x10 Builds/embeddedcomputing.a(USARTClass.o)
                0x00081e24                _ZN10USARTClass5writeEh
 .text._ZN10USARTClass10IrqHandlerEv
                0x00081e34       0x2a Builds/embeddedcomputing.a(USARTClass.o)
                0x00081e34                _ZN10USARTClass10IrqHandlerEv
 *fill*         0x00081e5e        0x2 00
 .text._Z16USBD_InitControli
                0x00081e60       0x14 Builds/embeddedcomputing.a(USBCore.o)
                0x00081e60                _Z16USBD_InitControli
 .text._ZL11USB_SendZlpv
                0x00081e74       0x24 Builds/embeddedcomputing.a(USBCore.o)
 .text._ZN10USBDevice_6attachEv
                0x00081e98       0x20 Builds/embeddedcomputing.a(USBCore.o)
                0x00081e98                _ZN10USBDevice_6attachEv
 .text._ZN10USBDevice_C1Ev
                0x00081eb8       0x24 Builds/embeddedcomputing.a(USBCore.o)
                0x00081eb8                _ZN10USBDevice_C1Ev
 .text._Z14USBD_Availablem
                0x00081edc       0x2c Builds/embeddedcomputing.a(USBCore.o)
                0x00081edc                _Z14USBD_Availablem
 .text._Z10USBD_Flushm
                0x00081f08       0x16 Builds/embeddedcomputing.a(USBCore.o)
                0x00081f08                _Z10USBD_Flushm
 .text._Z24USBD_SendOtherInterfacesv
                0x00081f1e       0x1c Builds/embeddedcomputing.a(USBCore.o)
                0x00081f1e                _Z24USBD_SendOtherInterfacesv
 .text._Z19USBD_SendInterfacesv
                0x00081f3a       0x1c Builds/embeddedcomputing.a(USBCore.o)
                0x00081f3a                _Z19USBD_SendInterfacesv
 .text._Z26USBD_ClassInterfaceRequestR5Setup
                0x00081f56       0x14 Builds/embeddedcomputing.a(USBCore.o)
                0x00081f56                _Z26USBD_ClassInterfaceRequestR5Setup
 .text._Z16USBD_RecvControlPvm
                0x00081f6a       0x1c Builds/embeddedcomputing.a(USBCore.o)
                0x00081f6a                _Z16USBD_RecvControlPvm
 *fill*         0x00081f86        0x2 00
 .text._Z16USBD_SendControlhPKvm
                0x00081f88       0x40 Builds/embeddedcomputing.a(USBCore.o)
                0x00081f88                _Z16USBD_SendControlhPKvm
 .text._ZL24USB_SendStringDescriptorPKhi
                0x00081fc8       0x42 Builds/embeddedcomputing.a(USBCore.o)
 *fill*         0x0008200a        0x2 00
 .text._ZL7USB_ISRv
                0x0008200c      0x438 Builds/embeddedcomputing.a(USBCore.o)
 .text._Z9USBD_SendmPKvm
                0x00082444       0x4c Builds/embeddedcomputing.a(USBCore.o)
                0x00082444                _Z9USBD_SendmPKvm
 .text._Z9USBD_RecvmPvm
                0x00082490       0x7c Builds/embeddedcomputing.a(USBCore.o)
                0x00082490                _Z9USBD_RecvmPvm
 .text._Z9USBD_Recvm
                0x0008250c       0x1e Builds/embeddedcomputing.a(USBCore.o)
                0x0008250c                _Z9USBD_Recvm
 *fill*         0x0008252a        0x2 00
 .text._GLOBAL__I_TxLEDPulse
                0x0008252c        0xc Builds/embeddedcomputing.a(USBCore.o)
 .text._ZN7TwoWireC1EP3TwiPFvvE
                0x00082538       0x3c Builds/embeddedcomputing.a(Wire.o)
                0x00082538                _ZN7TwoWireC1EP3TwiPFvvE
 .text._ZN7TwoWire5writeEh
                0x00082574       0x3a Builds/embeddedcomputing.a(Wire.o)
                0x00082574                _ZN7TwoWire5writeEh
 .text._ZN7TwoWire5writeEPKhj
                0x000825ae       0x5e Builds/embeddedcomputing.a(Wire.o)
                0x000825ae                _ZN7TwoWire5writeEPKhj
 .text._ZN7TwoWire9availableEv
                0x0008260c        0xc Builds/embeddedcomputing.a(Wire.o)
                0x0008260c                _ZN7TwoWire9availableEv
 .text._ZN7TwoWire4readEv
                0x00082618       0x20 Builds/embeddedcomputing.a(Wire.o)
                0x00082618                _ZN7TwoWire4readEv
 .text._ZN7TwoWire4peekEv
                0x00082638       0x18 Builds/embeddedcomputing.a(Wire.o)
                0x00082638                _ZN7TwoWire4peekEv
 .text._ZN7TwoWire5flushEv
                0x00082650        0x2 Builds/embeddedcomputing.a(Wire.o)
                0x00082650                _ZN7TwoWire5flushEv
 *fill*         0x00082652        0x2 00
 .text._ZL10Wire1_Initv
                0x00082654       0x54 Builds/embeddedcomputing.a(Wire.o)
 .text._ZL9Wire_Initv
                0x000826a8       0x54 Builds/embeddedcomputing.a(Wire.o)
 .text._ZN7TwoWire9onServiceEv
                0x000826fc      0x130 Builds/embeddedcomputing.a(Wire.o)
                0x000826fc                _ZN7TwoWire9onServiceEv
 .text.TWI0_Handler
                0x0008282c        0xc Builds/embeddedcomputing.a(Wire.o)
                0x0008282c                TWI0_Handler
 .text.TWI1_Handler
                0x00082838        0xc Builds/embeddedcomputing.a(Wire.o)
                0x00082838                TWI1_Handler
 .text._GLOBAL__I__ZN7TwoWireC2EP3TwiPFvvE
                0x00082844       0x34 Builds/embeddedcomputing.a(Wire.o)
 .text._ZN12AccelStepper4stepEl
                0x00082878       0x44 Builds/embeddedcomputing.a(AccelStepper.o)
                0x00082878                _ZN12AccelStepper4stepEl
 .text._ZN12AccelStepper5step0El
                0x000828bc       0x18 Builds/embeddedcomputing.a(AccelStepper.o)
                0x000828bc                _ZN12AccelStepper5step0El
 .text._ZN12AccelStepper5step1El
                0x000828d4       0x4a Builds/embeddedcomputing.a(AccelStepper.o)
                0x000828d4                _ZN12AccelStepper5step1El
 .text._ZN12AccelStepper5step2El
                0x0008291e       0x30 Builds/embeddedcomputing.a(AccelStepper.o)
                0x0008291e                _ZN12AccelStepper5step2El
 .text._ZN12AccelStepper5step3El
                0x0008294e       0x30 Builds/embeddedcomputing.a(AccelStepper.o)
                0x0008294e                _ZN12AccelStepper5step3El
 .text._ZN12AccelStepper5step4El
                0x0008297e       0x30 Builds/embeddedcomputing.a(AccelStepper.o)
                0x0008297e                _ZN12AccelStepper5step4El
 .text._ZN12AccelStepper5step6El
                0x000829ae       0x4e Builds/embeddedcomputing.a(AccelStepper.o)
                0x000829ae                _ZN12AccelStepper5step6El
 .text._ZN12AccelStepper5step8El
                0x000829fc       0x4c Builds/embeddedcomputing.a(AccelStepper.o)
                0x000829fc                _ZN12AccelStepper5step8El
 .text._ZN12AccelStepper13enableOutputsEv
                0x00082a48       0x58 Builds/embeddedcomputing.a(AccelStepper.o)
                0x00082a48                _ZN12AccelStepper13enableOutputsEv
 .text._ZN12AccelStepperC1Ehhhhhb
                0x00082aa0       0x70 Builds/embeddedcomputing.a(AccelStepper.o)
                0x00082aa0                _ZN12AccelStepperC1Ehhhhhb
 .text._ZN12AccelStepper14disableOutputsEv
                0x00082b10       0x26 Builds/embeddedcomputing.a(AccelStepper.o)
                0x00082b10                _ZN12AccelStepper14disableOutputsEv
 .text._ZN12AccelStepper13setOutputPinsEh
                0x00082b36       0x42 Builds/embeddedcomputing.a(AccelStepper.o)
                0x00082b36                _ZN12AccelStepper13setOutputPinsEh
 .text._ZN12CmdMessenger5resetEv
                0x00082b78       0x10 Builds/embeddedcomputing.a(CmdMessenger.o)
                0x00082b78                _ZN12CmdMessenger5resetEv
 .text._ZN12CmdMessenger4initER6Streamccc
                0x00082b88       0x3a Builds/embeddedcomputing.a(CmdMessenger.o)
                0x00082b88                _ZN12CmdMessenger4initER6Streamccc
 .text._ZN12CmdMessengerC1ER6Streamccc
                0x00082bc2       0x12 Builds/embeddedcomputing.a(CmdMessenger.o)
                0x00082bc2                _ZN12CmdMessengerC1ER6Streamccc
 .text._ZN8DueTimerC1Ei
                0x00082bd4        0x4 Builds/embeddedcomputing.a(DueTimer.o)
                0x00082bd4                _ZN8DueTimerC1Ei
 .text.TC8_Handler
                0x00082bd8       0x1c Builds/embeddedcomputing.a(DueTimer.o)
                0x00082bd8                TC8_Handler
 .text.TC7_Handler
                0x00082bf4       0x1c Builds/embeddedcomputing.a(DueTimer.o)
                0x00082bf4                TC7_Handler
 .text.TC6_Handler
                0x00082c10       0x1c Builds/embeddedcomputing.a(DueTimer.o)
                0x00082c10                TC6_Handler
 .text.TC5_Handler
                0x00082c2c       0x1c Builds/embeddedcomputing.a(DueTimer.o)
                0x00082c2c                TC5_Handler
 .text.TC4_Handler
                0x00082c48       0x1c Builds/embeddedcomputing.a(DueTimer.o)
                0x00082c48                TC4_Handler
 .text.TC3_Handler
                0x00082c64       0x1c Builds/embeddedcomputing.a(DueTimer.o)
                0x00082c64                TC3_Handler
 .text.TC2_Handler
                0x00082c80       0x1c Builds/embeddedcomputing.a(DueTimer.o)
                0x00082c80                TC2_Handler
 .text.TC1_Handler
                0x00082c9c       0x1c Builds/embeddedcomputing.a(DueTimer.o)
                0x00082c9c                TC1_Handler
 .text.TC0_Handler
                0x00082cb8       0x1c Builds/embeddedcomputing.a(DueTimer.o)
                0x00082cb8                TC0_Handler
 .text._GLOBAL__I__ZN8DueTimer6TimersE
                0x00082cd4       0x80 Builds/embeddedcomputing.a(DueTimer.o)
 .text._ZN7MPU6050C1Ev
                0x00082d54        0x6 Builds/embeddedcomputing.a(MPU6050.o)
                0x00082d54                _ZN7MPU6050C1Ev
 .text._ZN19MovingAvarageFilterC1Ej
                0x00082d5a       0x3c Builds/embeddedcomputing.a(MovingAvarageFilter.o)
                0x00082d5a                _ZN19MovingAvarageFilterC1Ej
 *fill*         0x00082d96        0x2 00
 .text._ZN3PID10SetTuningsEddd
                0x00082d98       0xd0 Builds/embeddedcomputing.a(PID_v1.o)
                0x00082d98                _ZN3PID10SetTuningsEddd
 .text._ZN3PID15SetOutputLimitsEdd
                0x00082e68       0x92 Builds/embeddedcomputing.a(PID_v1.o)
                0x00082e68                _ZN3PID15SetOutputLimitsEdd
 .text._ZN3PID22SetControllerDirectionEi
                0x00082efa       0x46 Builds/embeddedcomputing.a(PID_v1.o)
                0x00082efa                _ZN3PID22SetControllerDirectionEi
 .text._ZN3PIDC1EPdS0_S0_dddi
                0x00082f40       0x60 Builds/embeddedcomputing.a(PID_v1.o)
                0x00082f40                _ZN3PIDC1EPdS0_S0_dddi
 .text._ZN7Serial_9availableEv
                0x00082fa0       0x18 Builds/embeddedcomputing.a(CDC.o)
                0x00082fa0                _ZN7Serial_9availableEv
 .text._ZN7Serial_4peekEv
                0x00082fb8       0x20 Builds/embeddedcomputing.a(CDC.o)
                0x00082fb8                _ZN7Serial_4peekEv
 .text._ZN7Serial_5writeEh
                0x00082fd8       0x14 Builds/embeddedcomputing.a(CDC.o)
                0x00082fd8                _ZN7Serial_5writeEh
 .text._ZN7Serial_5writeEPKhj
                0x00082fec       0x28 Builds/embeddedcomputing.a(CDC.o)
                0x00082fec                _ZN7Serial_5writeEPKhj
 .text._ZN7Serial_5flushEv
                0x00083014        0x6 Builds/embeddedcomputing.a(CDC.o)
                0x00083014                _ZN7Serial_5flushEv
 *fill*         0x0008301a        0x2 00
 .text._ZN7Serial_4readEv
                0x0008301c       0x44 Builds/embeddedcomputing.a(CDC.o)
                0x0008301c                _ZN7Serial_4readEv
 .text._ZN7Serial_6acceptEv
                0x00083060       0x6c Builds/embeddedcomputing.a(CDC.o)
                0x00083060                _ZN7Serial_6acceptEv
 .text._Z21CDC_GetOtherInterfacePh
                0x000830cc       0x14 Builds/embeddedcomputing.a(CDC.o)
                0x000830cc                _Z21CDC_GetOtherInterfacePh
 .text._Z16CDC_GetInterfacePh
                0x000830e0       0x14 Builds/embeddedcomputing.a(CDC.o)
                0x000830e0                _Z16CDC_GetInterfacePh
 .text._Z9CDC_SetupR5Setup
                0x000830f4       0x60 Builds/embeddedcomputing.a(CDC.o)
                0x000830f4                _Z9CDC_SetupR5Setup
 .text._GLOBAL__I_cdc_rx_buffer
                0x00083154       0x1c Builds/embeddedcomputing.a(CDC.o)
 .text._Z9HID_SetupR5Setup
                0x00083170       0x44 Builds/embeddedcomputing.a(HID.o)
                0x00083170                _Z9HID_SetupR5Setup
 .text._ZN6Mouse_C1Ev
                0x000831b4        0x6 Builds/embeddedcomputing.a(HID.o)
                0x000831b4                _ZN6Mouse_C1Ev
 *fill*         0x000831ba        0x2 00
 .text._ZN9Keyboard_C1Ev
                0x000831bc       0x10 Builds/embeddedcomputing.a(HID.o)
                0x000831bc                _ZN9Keyboard_C1Ev
 .text._ZN9Keyboard_5writeEh
                0x000831cc       0x1c Builds/embeddedcomputing.a(HID.o)
                0x000831cc                _ZN9Keyboard_5writeEh
 .text._Z14HID_SendReporthPKvm
                0x000831e8       0x2c Builds/embeddedcomputing.a(HID.o)
                0x000831e8                _Z14HID_SendReporthPKvm
 .text._ZN9Keyboard_10sendReportEP9KeyReport
                0x00083214        0x8 Builds/embeddedcomputing.a(HID.o)
                0x00083214                _ZN9Keyboard_10sendReportEP9KeyReport
 .text._ZN9Keyboard_10releaseAllEv
                0x0008321c       0x18 Builds/embeddedcomputing.a(HID.o)
                0x0008321c                _ZN9Keyboard_10releaseAllEv
 .text._ZN9Keyboard_7releaseEh
                0x00083234       0x74 Builds/embeddedcomputing.a(HID.o)
                0x00083234                _ZN9Keyboard_7releaseEh
 .text._ZN9Keyboard_5pressEh
                0x000832a8       0x9c Builds/embeddedcomputing.a(HID.o)
                0x000832a8                _ZN9Keyboard_5pressEh
 .text._Z17HID_GetDescriptori
                0x00083344       0x10 Builds/embeddedcomputing.a(HID.o)
                0x00083344                _Z17HID_GetDescriptori
 .text._Z16HID_GetInterfacePh
                0x00083354       0x14 Builds/embeddedcomputing.a(HID.o)
                0x00083354                _Z16HID_GetInterfacePh
 .text._GLOBAL__I_Mouse
                0x00083368       0x1c Builds/embeddedcomputing.a(HID.o)
 .text.TC_GetStatus
                0x00083384        0x8 /Applications/Arduino.app/Contents/Resources/Java/hardware/arduino/sam/variants/arduino_due_x/libsam_sam3x8e_gcc_rel.a(tc.o)
                0x00083384                TC_GetStatus
 .text.TimeTick_Increment
                0x0008338c       0x10 /Applications/Arduino.app/Contents/Resources/Java/hardware/arduino/sam/variants/arduino_due_x/libsam_sam3x8e_gcc_rel.a(timetick.o)
                0x0008338c                TimeTick_Increment
 .text.GetTickCount
                0x0008339c        0xc /Applications/Arduino.app/Contents/Resources/Java/hardware/arduino/sam/variants/arduino_due_x/libsam_sam3x8e_gcc_rel.a(timetick.o)
                0x0008339c                GetTickCount
 .text.TWI_ReadByte
                0x000833a8       0x28 /Applications/Arduino.app/Contents/Resources/Java/hardware/arduino/sam/variants/arduino_due_x/libsam_sam3x8e_gcc_rel.a(twi.o)
                0x000833a8                TWI_ReadByte
 .text.TWI_WriteByte
                0x000833d0       0x24 /Applications/Arduino.app/Contents/Resources/Java/hardware/arduino/sam/variants/arduino_due_x/libsam_sam3x8e_gcc_rel.a(twi.o)
                0x000833d0                TWI_WriteByte
 .text.TWI_EnableIt
                0x000833f4       0x40 /Applications/Arduino.app/Contents/Resources/Java/hardware/arduino/sam/variants/arduino_due_x/libsam_sam3x8e_gcc_rel.a(twi.o)
                0x000833f4                TWI_EnableIt
 .text.TWI_DisableIt
                0x00083434       0x40 /Applications/Arduino.app/Contents/Resources/Java/hardware/arduino/sam/variants/arduino_due_x/libsam_sam3x8e_gcc_rel.a(twi.o)
                0x00083434                TWI_DisableIt
 .text.TWI_GetStatus
                0x00083474       0x28 /Applications/Arduino.app/Contents/Resources/Java/hardware/arduino/sam/variants/arduino_due_x/libsam_sam3x8e_gcc_rel.a(twi.o)
                0x00083474                TWI_GetStatus
 .text.UDD_SetStack
                0x0008349c        0xc /Applications/Arduino.app/Contents/Resources/Java/hardware/arduino/sam/variants/arduino_due_x/libsam_sam3x8e_gcc_rel.a(uotghs_device.o)
                0x0008349c                UDD_SetStack
 .text.UDD_Init
                0x000834a8       0xd0 /Applications/Arduino.app/Contents/Resources/Java/hardware/arduino/sam/variants/arduino_due_x/libsam_sam3x8e_gcc_rel.a(uotghs_device.o)
                0x000834a8                UDD_Init
 .text.UDD_Attach
                0x00083578       0x4c /Applications/Arduino.app/Contents/Resources/Java/hardware/arduino/sam/variants/arduino_due_x/libsam_sam3x8e_gcc_rel.a(uotghs_device.o)
                0x00083578                UDD_Attach
 .text.UDD_InitEP
                0x000835c4       0x30 /Applications/Arduino.app/Contents/Resources/Java/hardware/arduino/sam/variants/arduino_due_x/libsam_sam3x8e_gcc_rel.a(uotghs_device.o)
                0x000835c4                UDD_InitEP
 .text.UDD_InitEndpoints
                0x000835f4       0x3c /Applications/Arduino.app/Contents/Resources/Java/hardware/arduino/sam/variants/arduino_due_x/libsam_sam3x8e_gcc_rel.a(uotghs_device.o)
                0x000835f4                UDD_InitEndpoints
 .text.UDD_WaitIN
                0x00083630       0x14 /Applications/Arduino.app/Contents/Resources/Java/hardware/arduino/sam/variants/arduino_due_x/libsam_sam3x8e_gcc_rel.a(uotghs_device.o)
                0x00083630                UDD_WaitIN
 .text.UDD_WaitOUT
                0x00083644       0x14 /Applications/Arduino.app/Contents/Resources/Java/hardware/arduino/sam/variants/arduino_due_x/libsam_sam3x8e_gcc_rel.a(uotghs_device.o)
                0x00083644                UDD_WaitOUT
 .text.UDD_ClearIN
                0x00083658       0x18 /Applications/Arduino.app/Contents/Resources/Java/hardware/arduino/sam/variants/arduino_due_x/libsam_sam3x8e_gcc_rel.a(uotghs_device.o)
                0x00083658                UDD_ClearIN
 .text.UDD_ClearOUT
                0x00083670       0x18 /Applications/Arduino.app/Contents/Resources/Java/hardware/arduino/sam/variants/arduino_due_x/libsam_sam3x8e_gcc_rel.a(uotghs_device.o)
                0x00083670                UDD_ClearOUT
 .text.UDD_ReceivedSetupInt
                0x00083688       0x10 /Applications/Arduino.app/Contents/Resources/Java/hardware/arduino/sam/variants/arduino_due_x/libsam_sam3x8e_gcc_rel.a(uotghs_device.o)
                0x00083688                UDD_ReceivedSetupInt
 .text.UDD_ClearSetupInt
                0x00083698       0x10 /Applications/Arduino.app/Contents/Resources/Java/hardware/arduino/sam/variants/arduino_due_x/libsam_sam3x8e_gcc_rel.a(uotghs_device.o)
                0x00083698                UDD_ClearSetupInt
 .text.UDD_Send
                0x000836a8       0x90 /Applications/Arduino.app/Contents/Resources/Java/hardware/arduino/sam/variants/arduino_due_x/libsam_sam3x8e_gcc_rel.a(uotghs_device.o)
                0x000836a8                UDD_Send
 .text.UDD_Send8
                0x00083738       0x28 /Applications/Arduino.app/Contents/Resources/Java/hardware/arduino/sam/variants/arduino_due_x/libsam_sam3x8e_gcc_rel.a(uotghs_device.o)
                0x00083738                UDD_Send8
 .text.UDD_Recv8
                0x00083760       0x28 /Applications/Arduino.app/Contents/Resources/Java/hardware/arduino/sam/variants/arduino_due_x/libsam_sam3x8e_gcc_rel.a(uotghs_device.o)
                0x00083760                UDD_Recv8
 .text.UDD_Recv
                0x00083788       0x34 /Applications/Arduino.app/Contents/Resources/Java/hardware/arduino/sam/variants/arduino_due_x/libsam_sam3x8e_gcc_rel.a(uotghs_device.o)
                0x00083788                UDD_Recv
 .text.UDD_Stall
                0x000837bc       0x14 /Applications/Arduino.app/Contents/Resources/Java/hardware/arduino/sam/variants/arduino_due_x/libsam_sam3x8e_gcc_rel.a(uotghs_device.o)
                0x000837bc                UDD_Stall
 .text.UDD_FifoByteCount
                0x000837d0       0x1c /Applications/Arduino.app/Contents/Resources/Java/hardware/arduino/sam/variants/arduino_due_x/libsam_sam3x8e_gcc_rel.a(uotghs_device.o)
                0x000837d0                UDD_FifoByteCount
 .text.UDD_ReleaseRX
                0x000837ec       0x2c /Applications/Arduino.app/Contents/Resources/Java/hardware/arduino/sam/variants/arduino_due_x/libsam_sam3x8e_gcc_rel.a(uotghs_device.o)
                0x000837ec                UDD_ReleaseRX
 .text.UDD_ReleaseTX
                0x00083818       0x2c /Applications/Arduino.app/Contents/Resources/Java/hardware/arduino/sam/variants/arduino_due_x/libsam_sam3x8e_gcc_rel.a(uotghs_device.o)
                0x00083818                UDD_ReleaseTX
 .text.UDD_SetAddress
                0x00083844       0x20 /Applications/Arduino.app/Contents/Resources/Java/hardware/arduino/sam/variants/arduino_due_x/libsam_sam3x8e_gcc_rel.a(uotghs_device.o)
                0x00083844                UDD_SetAddress
 .text          0x00083864      0x370 /Applications/Arduino.app/Contents/Resources/Java/hardware/tools/g++_arm_none_eabi/bin/../lib/gcc/arm-none-eabi/4.4.1/thumb2/libgcc.a(_arm_addsubdf3.o)
                0x00083864                __aeabi_drsub
                0x0008386c                __subdf3
                0x0008386c                __aeabi_dsub
                0x00083870                __aeabi_dadd
                0x00083870                __adddf3
                0x00083ae8                __aeabi_ui2d
                0x00083ae8                __floatunsidf
                0x00083b08                __floatsidf
                0x00083b08                __aeabi_i2d
                0x00083b2c                __extendsfdf2
                0x00083b2c                __aeabi_f2d
                0x00083b68                __aeabi_ul2d
                0x00083b68                __floatundidf
                0x00083b78                __aeabi_l2d
                0x00083b78                __floatdidf
 .text          0x00083bd4      0x424 /Applications/Arduino.app/Contents/Resources/Java/hardware/tools/g++_arm_none_eabi/bin/../lib/gcc/arm-none-eabi/4.4.1/thumb2/libgcc.a(_arm_muldivdf3.o)
                0x00083bd4                __aeabi_dmul
                0x00083bd4                __muldf3
                0x00083e28                __aeabi_ddiv
                0x00083e28                __divdf3
 .text          0x00083ff8      0x110 /Applications/Arduino.app/Contents/Resources/Java/hardware/tools/g++_arm_none_eabi/bin/../lib/gcc/arm-none-eabi/4.4.1/thumb2/libgcc.a(_arm_cmpdf2.o)
                0x00083ff8                __gtdf2
                0x00083ff8                __gedf2
                0x00084000                __ltdf2
                0x00084000                __ledf2
                0x00084008                __eqdf2
                0x00084008                __nedf2
                0x00084008                __cmpdf2
                0x00084084                __aeabi_cdrcmple
                0x00084094                __aeabi_cdcmple
                0x00084094                __aeabi_cdcmpeq
                0x000840a4                __aeabi_dcmpeq
                0x000840b8                __aeabi_dcmplt
                0x000840cc                __aeabi_dcmple
                0x000840e0                __aeabi_dcmpge
                0x000840f4                __aeabi_dcmpgt
 .text          0x00084108       0xec /Applications/Arduino.app/Contents/Resources/Java/hardware/tools/g++_arm_none_eabi/bin/../lib/gcc/arm-none-eabi/4.4.1/thumb2/libgcc.a(_arm_cmpsf2.o)
                0x00084108                __gesf2
                0x00084108                __gtsf2
                0x00084110                __ltsf2
                0x00084110                __lesf2
                0x00084118                __nesf2
                0x00084118                __eqsf2
                0x00084118                __cmpsf2
                0x00084178                __aeabi_cfrcmple
                0x00084180                __aeabi_cfcmpeq
                0x00084180                __aeabi_cfcmple
                0x00084190                __aeabi_fcmpeq
                0x000841a4                __aeabi_fcmplt
                0x000841b8                __aeabi_fcmple
                0x000841cc                __aeabi_fcmpge
                0x000841e0                __aeabi_fcmpgt
 .text.abort    0x000841f4        0xe /Applications/Arduino.app/Contents/Resources/Java/hardware/tools/g++_arm_none_eabi/bin/../lib/gcc/arm-none-eabi/4.4.1/../../../../arm-none-eabi/lib/thumb2/libc.a(lib_a-abort.o)
                0x000841f4                abort
 *fill*         0x00084202        0x2 00
 .text.__assert_func
                0x00084204       0x3c /Applications/Arduino.app/Contents/Resources/Java/hardware/tools/g++_arm_none_eabi/bin/../lib/gcc/arm-none-eabi/4.4.1/../../../../arm-none-eabi/lib/thumb2/libc.a(lib_a-assert.o)
                0x00084204                __assert_func
 .text.fiprintf
                0x00084240       0x24 /Applications/Arduino.app/Contents/Resources/Java/hardware/tools/g++_arm_none_eabi/bin/../lib/gcc/arm-none-eabi/4.4.1/../../../../arm-none-eabi/lib/thumb2/libc.a(lib_a-fiprintf.o)
                0x00084240                fiprintf
 .text.__libc_init_array
                0x00084264       0x4c /Applications/Arduino.app/Contents/Resources/Java/hardware/tools/g++_arm_none_eabi/bin/../lib/gcc/arm-none-eabi/4.4.1/../../../../arm-none-eabi/lib/thumb2/libc.a(lib_a-init.o)
                0x00084264                __libc_init_array
 .text.iprintf  0x000842b0       0x30 /Applications/Arduino.app/Contents/Resources/Java/hardware/tools/g++_arm_none_eabi/bin/../lib/gcc/arm-none-eabi/4.4.1/../../../../arm-none-eabi/lib/thumb2/libc.a(lib_a-iprintf.o)
                0x000842b0                iprintf
 .text._malloc_r
                0x000842e0      0x424 /Applications/Arduino.app/Contents/Resources/Java/hardware/tools/g++_arm_none_eabi/bin/../lib/gcc/arm-none-eabi/4.4.1/../../../../arm-none-eabi/lib/thumb2/libc.a(lib_a-mallocr.o)
                0x000842e0                _malloc_r
 .text.memcpy   0x00084704       0x1a /Applications/Arduino.app/Contents/Resources/Java/hardware/tools/g++_arm_none_eabi/bin/../lib/gcc/arm-none-eabi/4.4.1/../../../../arm-none-eabi/lib/thumb2/libc.a(lib_a-memcpy.o)
                0x00084704                memcpy
 .text.memmove  0x0008471e       0x3a /Applications/Arduino.app/Contents/Resources/Java/hardware/tools/g++_arm_none_eabi/bin/../lib/gcc/arm-none-eabi/4.4.1/../../../../arm-none-eabi/lib/thumb2/libc.a(lib_a-memmove.o)
                0x0008471e                memmove
 .text.memset   0x00084758       0x12 /Applications/Arduino.app/Contents/Resources/Java/hardware/tools/g++_arm_none_eabi/bin/../lib/gcc/arm-none-eabi/4.4.1/../../../../arm-none-eabi/lib/thumb2/libc.a(lib_a-memset.o)
                0x00084758                memset
 .text.__malloc_lock
                0x0008476a        0x2 /Applications/Arduino.app/Contents/Resources/Java/hardware/tools/g++_arm_none_eabi/bin/../lib/gcc/arm-none-eabi/4.4.1/../../../../arm-none-eabi/lib/thumb2/libc.a(lib_a-mlock.o)
                0x0008476a                __malloc_lock
 .text.__malloc_unlock
                0x0008476c        0x2 /Applications/Arduino.app/Contents/Resources/Java/hardware/tools/g++_arm_none_eabi/bin/../lib/gcc/arm-none-eabi/4.4.1/../../../../arm-none-eabi/lib/thumb2/libc.a(lib_a-mlock.o)
                0x0008476c                __malloc_unlock
 *fill*         0x0008476e        0x2 00
 .text._realloc_r
                0x00084770      0x2f4 /Applications/Arduino.app/Contents/Resources/Java/hardware/tools/g++_arm_none_eabi/bin/../lib/gcc/arm-none-eabi/4.4.1/../../../../arm-none-eabi/lib/thumb2/libc.a(lib_a-reallocr.o)
                0x00084770                _realloc_r
 .text._sbrk_r  0x00084a64       0x24 /Applications/Arduino.app/Contents/Resources/Java/hardware/tools/g++_arm_none_eabi/bin/../lib/gcc/arm-none-eabi/4.4.1/../../../../arm-none-eabi/lib/thumb2/libc.a(lib_a-sbrkr.o)
                0x00084a64                _sbrk_r
 .text._raise_r
                0x00084a88       0x56 /Applications/Arduino.app/Contents/Resources/Java/hardware/tools/g++_arm_none_eabi/bin/../lib/gcc/arm-none-eabi/4.4.1/../../../../arm-none-eabi/lib/thumb2/libc.a(lib_a-signal.o)
                0x00084a88                _raise_r
 *fill*         0x00084ade        0x2 00
 .text.raise    0x00084ae0       0x10 /Applications/Arduino.app/Contents/Resources/Java/hardware/tools/g++_arm_none_eabi/bin/../lib/gcc/arm-none-eabi/4.4.1/../../../../arm-none-eabi/lib/thumb2/libc.a(lib_a-signal.o)
                0x00084ae0                raise
 .text._getpid_r
                0x00084af0        0x4 /Applications/Arduino.app/Contents/Resources/Java/hardware/tools/g++_arm_none_eabi/bin/../lib/gcc/arm-none-eabi/4.4.1/../../../../arm-none-eabi/lib/thumb2/libc.a(lib_a-signalr.o)
                0x00084af0                _getpid_r
 .text._kill_r  0x00084af4       0x24 /Applications/Arduino.app/Contents/Resources/Java/hardware/tools/g++_arm_none_eabi/bin/../lib/gcc/arm-none-eabi/4.4.1/../../../../arm-none-eabi/lib/thumb2/libc.a(lib_a-signalr.o)
                0x00084af4                _kill_r
 .text.strlen   0x00084b18       0x10 /Applications/Arduino.app/Contents/Resources/Java/hardware/tools/g++_arm_none_eabi/bin/../lib/gcc/arm-none-eabi/4.4.1/../../../../arm-none-eabi/lib/thumb2/libc.a(lib_a-strlen.o)
                0x00084b18                strlen
 .text.__sprint_r
                0x00084b28       0x1a /Applications/Arduino.app/Contents/Resources/Java/hardware/tools/g++_arm_none_eabi/bin/../lib/gcc/arm-none-eabi/4.4.1/../../../../arm-none-eabi/lib/thumb2/libc.a(lib_a-vfiprintf.o)
 *fill*         0x00084b42        0x2 00
 .text._vfiprintf_r
                0x00084b44      0x838 /Applications/Arduino.app/Contents/Resources/Java/hardware/tools/g++_arm_none_eabi/bin/../lib/gcc/arm-none-eabi/4.4.1/../../../../arm-none-eabi/lib/thumb2/libc.a(lib_a-vfiprintf.o)
                0x00084b44                _vfiprintf_r
 .text.__swsetup_r
                0x0008537c       0xdc /Applications/Arduino.app/Contents/Resources/Java/hardware/tools/g++_arm_none_eabi/bin/../lib/gcc/arm-none-eabi/4.4.1/../../../../arm-none-eabi/lib/thumb2/libc.a(lib_a-wsetup.o)
                0x0008537c                __swsetup_r
 .text._fflush_r
                0x00085458      0x13c /Applications/Arduino.app/Contents/Resources/Java/hardware/tools/g++_arm_none_eabi/bin/../lib/gcc/arm-none-eabi/4.4.1/../../../../arm-none-eabi/lib/thumb2/libc.a(lib_a-fflush.o)
                0x00085458                _fflush_r
 .text.__sfp_lock_acquire
                0x00085594        0x2 /Applications/Arduino.app/Contents/Resources/Java/hardware/tools/g++_arm_none_eabi/bin/../lib/gcc/arm-none-eabi/4.4.1/../../../../arm-none-eabi/lib/thumb2/libc.a(lib_a-findfp.o)
                0x00085594                __sfp_lock_acquire
 .text.__sfp_lock_release
                0x00085596        0x2 /Applications/Arduino.app/Contents/Resources/Java/hardware/tools/g++_arm_none_eabi/bin/../lib/gcc/arm-none-eabi/4.4.1/../../../../arm-none-eabi/lib/thumb2/libc.a(lib_a-findfp.o)
                0x00085596                __sfp_lock_release
 .text._cleanup_r
                0x00085598        0xc /Applications/Arduino.app/Contents/Resources/Java/hardware/tools/g++_arm_none_eabi/bin/../lib/gcc/arm-none-eabi/4.4.1/../../../../arm-none-eabi/lib/thumb2/libc.a(lib_a-findfp.o)
                0x00085598                _cleanup_r
 .text.std      0x000855a4       0x48 /Applications/Arduino.app/Contents/Resources/Java/hardware/tools/g++_arm_none_eabi/bin/../lib/gcc/arm-none-eabi/4.4.1/../../../../arm-none-eabi/lib/thumb2/libc.a(lib_a-findfp.o)
 .text.__sfmoreglue
                0x000855ec       0x28 /Applications/Arduino.app/Contents/Resources/Java/hardware/tools/g++_arm_none_eabi/bin/../lib/gcc/arm-none-eabi/4.4.1/../../../../arm-none-eabi/lib/thumb2/libc.a(lib_a-findfp.o)
                0x000855ec                __sfmoreglue
 .text.__sfp    0x00085614       0x78 /Applications/Arduino.app/Contents/Resources/Java/hardware/tools/g++_arm_none_eabi/bin/../lib/gcc/arm-none-eabi/4.4.1/../../../../arm-none-eabi/lib/thumb2/libc.a(lib_a-findfp.o)
                0x00085614                __sfp
 .text.__sinit  0x0008568c       0x64 /Applications/Arduino.app/Contents/Resources/Java/hardware/tools/g++_arm_none_eabi/bin/../lib/gcc/arm-none-eabi/4.4.1/../../../../arm-none-eabi/lib/thumb2/libc.a(lib_a-findfp.o)
                0x0008568c                __sinit
 .text._malloc_trim_r
                0x000856f0       0x98 /Applications/Arduino.app/Contents/Resources/Java/hardware/tools/g++_arm_none_eabi/bin/../lib/gcc/arm-none-eabi/4.4.1/../../../../arm-none-eabi/lib/thumb2/libc.a(lib_a-freer.o)
                0x000856f0                _malloc_trim_r
 .text._free_r  0x00085788      0x19c /Applications/Arduino.app/Contents/Resources/Java/hardware/tools/g++_arm_none_eabi/bin/../lib/gcc/arm-none-eabi/4.4.1/../../../../arm-none-eabi/lib/thumb2/libc.a(lib_a-freer.o)
                0x00085788                _free_r
 .text.__sfvwrite_r
                0x00085924      0x298 /Applications/Arduino.app/Contents/Resources/Java/hardware/tools/g++_arm_none_eabi/bin/../lib/gcc/arm-none-eabi/4.4.1/../../../../arm-none-eabi/lib/thumb2/libc.a(lib_a-fvwrite.o)
                0x00085924                __sfvwrite_r
 .text._fwalk   0x00085bbc       0x44 /Applications/Arduino.app/Contents/Resources/Java/hardware/tools/g++_arm_none_eabi/bin/../lib/gcc/arm-none-eabi/4.4.1/../../../../arm-none-eabi/lib/thumb2/libc.a(lib_a-fwalk.o)
                0x00085bbc                _fwalk
 .text.__smakebuf_r
                0x00085c00       0xd0 /Applications/Arduino.app/Contents/Resources/Java/hardware/tools/g++_arm_none_eabi/bin/../lib/gcc/arm-none-eabi/4.4.1/../../../../arm-none-eabi/lib/thumb2/libc.a(lib_a-makebuf.o)
                0x00085c00                __smakebuf_r
 .text.memchr   0x00085cd0       0x16 /Applications/Arduino.app/Contents/Resources/Java/hardware/tools/g++_arm_none_eabi/bin/../lib/gcc/arm-none-eabi/4.4.1/../../../../arm-none-eabi/lib/thumb2/libc.a(lib_a-memchr.o)
                0x00085cd0                memchr
 .text.__sclose
                0x00085ce6        0x8 /Applications/Arduino.app/Contents/Resources/Java/hardware/tools/g++_arm_none_eabi/bin/../lib/gcc/arm-none-eabi/4.4.1/../../../../arm-none-eabi/lib/thumb2/libc.a(lib_a-stdio.o)
                0x00085ce6                __sclose
 .text.__sseek  0x00085cee       0x26 /Applications/Arduino.app/Contents/Resources/Java/hardware/tools/g++_arm_none_eabi/bin/../lib/gcc/arm-none-eabi/4.4.1/../../../../arm-none-eabi/lib/thumb2/libc.a(lib_a-stdio.o)
                0x00085cee                __sseek
 .text.__swrite
                0x00085d14       0x3a /Applications/Arduino.app/Contents/Resources/Java/hardware/tools/g++_arm_none_eabi/bin/../lib/gcc/arm-none-eabi/4.4.1/../../../../arm-none-eabi/lib/thumb2/libc.a(lib_a-stdio.o)
                0x00085d14                __swrite
 .text.__sread  0x00085d4e       0x22 /Applications/Arduino.app/Contents/Resources/Java/hardware/tools/g++_arm_none_eabi/bin/../lib/gcc/arm-none-eabi/4.4.1/../../../../arm-none-eabi/lib/thumb2/libc.a(lib_a-stdio.o)
                0x00085d4e                __sread
 .text._write_r
                0x00085d70       0x28 /Applications/Arduino.app/Contents/Resources/Java/hardware/tools/g++_arm_none_eabi/bin/../lib/gcc/arm-none-eabi/4.4.1/../../../../arm-none-eabi/lib/thumb2/libc.a(lib_a-writer.o)
                0x00085d70                _write_r
 .text._close_r
                0x00085d98       0x24 /Applications/Arduino.app/Contents/Resources/Java/hardware/tools/g++_arm_none_eabi/bin/../lib/gcc/arm-none-eabi/4.4.1/../../../../arm-none-eabi/lib/thumb2/libc.a(lib_a-closer.o)
                0x00085d98                _close_r
 .text._fclose_r
                0x00085dbc       0xac /Applications/Arduino.app/Contents/Resources/Java/hardware/tools/g++_arm_none_eabi/bin/../lib/gcc/arm-none-eabi/4.4.1/../../../../arm-none-eabi/lib/thumb2/libc.a(lib_a-fclose.o)
                0x00085dbc                _fclose_r
 .text.fclose   0x00085e68       0x10 /Applications/Arduino.app/Contents/Resources/Java/hardware/tools/g++_arm_none_eabi/bin/../lib/gcc/arm-none-eabi/4.4.1/../../../../arm-none-eabi/lib/thumb2/libc.a(lib_a-fclose.o)
                0x00085e68                fclose
 .text._fstat_r
                0x00085e78       0x24 /Applications/Arduino.app/Contents/Resources/Java/hardware/tools/g++_arm_none_eabi/bin/../lib/gcc/arm-none-eabi/4.4.1/../../../../arm-none-eabi/lib/thumb2/libc.a(lib_a-fstatr.o)
                0x00085e78                _fstat_r
 .text._isatty_r
                0x00085e9c       0x24 /Applications/Arduino.app/Contents/Resources/Java/hardware/tools/g++_arm_none_eabi/bin/../lib/gcc/arm-none-eabi/4.4.1/../../../../arm-none-eabi/lib/thumb2/libc.a(lib_a-isattyr.o)
                0x00085e9c                _isatty_r
 .text._lseek_r
                0x00085ec0       0x28 /Applications/Arduino.app/Contents/Resources/Java/hardware/tools/g++_arm_none_eabi/bin/../lib/gcc/arm-none-eabi/4.4.1/../../../../arm-none-eabi/lib/thumb2/libc.a(lib_a-lseekr.o)
                0x00085ec0                _lseek_r
 .text._read_r  0x00085ee8       0x28 /Applications/Arduino.app/Contents/Resources/Java/hardware/tools/g++_arm_none_eabi/bin/../lib/gcc/arm-none-eabi/4.4.1/../../../../arm-none-eabi/lib/thumb2/libc.a(lib_a-readr.o)
                0x00085ee8                _read_r
 .text          0x00085f10      0x278 /Applications/Arduino.app/Contents/Resources/Java/hardware/tools/g++_arm_none_eabi/bin/../lib/gcc/arm-none-eabi/4.4.1/thumb2/libgcc.a(_udivsi3.o)
                0x00085f10                __udivsi3
                0x00085f10                __aeabi_uidiv
                0x0008616c                __aeabi_uidivmod
 .text          0x00086188        0x4 /Applications/Arduino.app/Contents/Resources/Java/hardware/tools/g++_arm_none_eabi/bin/../lib/gcc/arm-none-eabi/4.4.1/thumb2/libgcc.a(_dvmd_tls.o)
                0x00086188                __aeabi_ldiv0
                0x00086188                __aeabi_idiv0
 *(.glue_7t)
 .glue_7t       0x00000000        0x0 linker stubs
 *(.glue_7)
 .glue_7        0x00000000        0x0 linker stubs
 *(.rodata .rodata* .gnu.linkonce.r.*)
 .rodata.g_APinDescription
                0x0008618c      0xa2c Builds/variant.o
                0x0008618c                g_APinDescription
 .rodata.str1.1
                0x00086bb8       0x19 Builds/syscalls_sam3.o
 *fill*         0x00086bd1        0x3 00
 .rodata.C.0.8141
                0x00086bd4       0x40 /Applications/Arduino.app/Contents/Resources/Java/hardware/arduino/sam/variants/arduino_due_x/libsam_sam3x8e_gcc_rel.a(adc.o)
 *fill*         0x00086c14        0x4 00
 .rodata._ZTV9UARTClass
                0x00086c18       0x28 Builds/embeddedcomputing.a(UARTClass.o)
                0x00086c18                _ZTV9UARTClass
 .rodata._ZTV10USARTClass
                0x00086c40       0x28 Builds/embeddedcomputing.a(USARTClass.o)
                0x00086c40                _ZTV10USARTClass
 .rodata.USB_DeviceDescriptorA
                0x00086c68       0x14 Builds/embeddedcomputing.a(USBCore.o)
                0x00086c68                USB_DeviceDescriptorA
 .rodata.USB_DeviceDescriptor
                0x00086c7c       0x14 Builds/embeddedcomputing.a(USBCore.o)
                0x00086c7c                USB_DeviceDescriptor
 .rodata._ZL9EndPoints
                0x00086c90       0x14 Builds/embeddedcomputing.a(USBCore.o)
 .rodata.STRING_LANGUAGE
                0x00086ca4        0x4 Builds/embeddedcomputing.a(USBCore.o)
                0x00086ca4                STRING_LANGUAGE
 .rodata._ZL18test_packet_buffer
                0x00086ca8       0x38 Builds/embeddedcomputing.a(USBCore.o)
 .rodata.STRING_PRODUCT
                0x00086ce0        0xc Builds/embeddedcomputing.a(USBCore.o)
                0x00086ce0                STRING_PRODUCT
 .rodata.STRING_MANUFACTURER
                0x00086cec        0xc Builds/embeddedcomputing.a(USBCore.o)
                0x00086cec                STRING_MANUFACTURER
 .rodata._ZL19USB_DeviceQualifier
                0x00086cf8       0x14 Builds/embeddedcomputing.a(USBCore.o)
 *fill*         0x00086d0c        0x4 00
 .rodata._ZTV7TwoWire
                0x00086d10       0x20 Builds/embeddedcomputing.a(Wire.o)
                0x00086d10                _ZTV7TwoWire
 .rodata._ZTV12AccelStepper
                0x00086d30       0x38 Builds/embeddedcomputing.a(AccelStepper.o)
                0x00086d30                _ZTV12AccelStepper
 .rodata._ZTV7Serial_
                0x00086d68       0x28 Builds/embeddedcomputing.a(CDC.o)
                0x00086d68                _ZTV7Serial_
 .rodata._ZL18_cdcOtherInterface
                0x00086d90       0x44 Builds/embeddedcomputing.a(CDC.o)
 .rodata._ZL13_cdcInterface
                0x00086dd4       0x44 Builds/embeddedcomputing.a(CDC.o)
 .rodata._ZTV9Keyboard_
                0x00086e18       0x20 Builds/embeddedcomputing.a(HID.o)
                0x00086e18                _ZTV9Keyboard_
 .rodata._asciimap
                0x00086e38       0x80 Builds/embeddedcomputing.a(HID.o)
                0x00086e38                _asciimap
 .rodata._hidInterface
                0x00086eb8       0x1c Builds/embeddedcomputing.a(HID.o)
                0x00086eb8                _hidInterface
 .rodata._hidReportDescriptor
                0x00086ed4       0x68 Builds/embeddedcomputing.a(HID.o)
                0x00086ed4                _hidReportDescriptor
 .rodata.__func__.7038
                0x00086f3c        0xe /Applications/Arduino.app/Contents/Resources/Java/hardware/arduino/sam/variants/arduino_due_x/libsam_sam3x8e_gcc_rel.a(twi.o)
 .rodata.__func__.7060
                0x00086f4a        0xd /Applications/Arduino.app/Contents/Resources/Java/hardware/arduino/sam/variants/arduino_due_x/libsam_sam3x8e_gcc_rel.a(twi.o)
 .rodata.__func__.7065
                0x00086f57        0xe /Applications/Arduino.app/Contents/Resources/Java/hardware/arduino/sam/variants/arduino_due_x/libsam_sam3x8e_gcc_rel.a(twi.o)
 .rodata.str1.1
                0x00086f65       0xb4 /Applications/Arduino.app/Contents/Resources/Java/hardware/arduino/sam/variants/arduino_due_x/libsam_sam3x8e_gcc_rel.a(twi.o)
 .rodata.__func__.7069
                0x00087019        0xe /Applications/Arduino.app/Contents/Resources/Java/hardware/arduino/sam/variants/arduino_due_x/libsam_sam3x8e_gcc_rel.a(twi.o)
 .rodata.__func__.7033
                0x00087027        0xd /Applications/Arduino.app/Contents/Resources/Java/hardware/arduino/sam/variants/arduino_due_x/libsam_sam3x8e_gcc_rel.a(twi.o)
 .rodata.str1.1
                0x00087034       0x3c /Applications/Arduino.app/Contents/Resources/Java/hardware/tools/g++_arm_none_eabi/bin/../lib/gcc/arm-none-eabi/4.4.1/../../../../arm-none-eabi/lib/thumb2/libc.a(lib_a-assert.o)
                                 0x3d (size before relaxing)
 .rodata.str1.1
                0x00087070        0x2 /Applications/Arduino.app/Contents/Resources/Java/hardware/tools/g++_arm_none_eabi/bin/../lib/gcc/arm-none-eabi/4.4.1/../../../../arm-none-eabi/lib/thumb2/libc.a(lib_a-impure.o)
 *fill*         0x00087072        0x2 00
 .rodata._global_impure_ptr
                0x00087074        0x4 /Applications/Arduino.app/Contents/Resources/Java/hardware/tools/g++_arm_none_eabi/bin/../lib/gcc/arm-none-eabi/4.4.1/../../../../arm-none-eabi/lib/thumb2/libc.a(lib_a-impure.o)
                0x00087074                _global_impure_ptr
 .rodata.blanks.3515
                0x00087078       0x10 /Applications/Arduino.app/Contents/Resources/Java/hardware/tools/g++_arm_none_eabi/bin/../lib/gcc/arm-none-eabi/4.4.1/../../../../arm-none-eabi/lib/thumb2/libc.a(lib_a-vfiprintf.o)
 .rodata.str1.1
                0x00087088       0x22 /Applications/Arduino.app/Contents/Resources/Java/hardware/tools/g++_arm_none_eabi/bin/../lib/gcc/arm-none-eabi/4.4.1/../../../../arm-none-eabi/lib/thumb2/libc.a(lib_a-vfiprintf.o)
 *fill*         0x000870aa        0x2 00
 .rodata.zeroes.3516
                0x000870ac       0x10 /Applications/Arduino.app/Contents/Resources/Java/hardware/tools/g++_arm_none_eabi/bin/../lib/gcc/arm-none-eabi/4.4.1/../../../../arm-none-eabi/lib/thumb2/libc.a(lib_a-vfiprintf.o)
 .rodata.__sf_fake_stdin
                0x000870bc       0x20 /Applications/Arduino.app/Contents/Resources/Java/hardware/tools/g++_arm_none_eabi/bin/../lib/gcc/arm-none-eabi/4.4.1/../../../../arm-none-eabi/lib/thumb2/libc.a(lib_a-findfp.o)
                0x000870bc                __sf_fake_stdin
 .rodata.__sf_fake_stdout
                0x000870dc       0x20 /Applications/Arduino.app/Contents/Resources/Java/hardware/tools/g++_arm_none_eabi/bin/../lib/gcc/arm-none-eabi/4.4.1/../../../../arm-none-eabi/lib/thumb2/libc.a(lib_a-findfp.o)
                0x000870dc                __sf_fake_stdout
 .rodata.__sf_fake_stderr
                0x000870fc       0x20 /Applications/Arduino.app/Contents/Resources/Java/hardware/tools/g++_arm_none_eabi/bin/../lib/gcc/arm-none-eabi/4.4.1/../../../../arm-none-eabi/lib/thumb2/libc.a(lib_a-findfp.o)
                0x000870fc                __sf_fake_stderr
 *(.ARM.extab* .gnu.linkonce.armextab.*)
 .ARM.extab     0x0008711c       0x24 /Applications/Arduino.app/Contents/Resources/Java/hardware/tools/g++_arm_none_eabi/bin/../lib/gcc/arm-none-eabi/4.4.1/thumb2/libgcc.a(unwind-arm.o)
 .ARM.extab     0x00087140       0x18 /Applications/Arduino.app/Contents/Resources/Java/hardware/tools/g++_arm_none_eabi/bin/../lib/gcc/arm-none-eabi/4.4.1/thumb2/libgcc.a(pr-support.o)
 .ARM.extab.text._ZN12AccelStepper4stepEl
                0x00087158        0xc Builds/embeddedcomputing.a(AccelStepper.o)
 .ARM.extab.text._ZN12AccelStepper5step2El
                0x00087164        0xc Builds/embeddedcomputing.a(AccelStepper.o)
 .ARM.extab.text._ZN12AccelStepper5step3El
                0x00087170        0xc Builds/embeddedcomputing.a(AccelStepper.o)
 .ARM.extab.text._ZN12AccelStepper5step4El
                0x0008717c        0xc Builds/embeddedcomputing.a(AccelStepper.o)
 .ARM.extab.text._ZN12AccelStepper5step6El
                0x00087188        0xc Builds/embeddedcomputing.a(AccelStepper.o)
 .ARM.extab.text._ZN12AccelStepper5step8El
                0x00087194        0xc Builds/embeddedcomputing.a(AccelStepper.o)
 .ARM.extab.text._ZN12AccelStepperC1Ehhhhhb
                0x000871a0        0xc Builds/embeddedcomputing.a(AccelStepper.o)
 .ARM.extab.text.TC8_Handler
                0x000871ac        0xc Builds/embeddedcomputing.a(DueTimer.o)
 .ARM.extab.text.TC7_Handler
                0x000871b8        0xc Builds/embeddedcomputing.a(DueTimer.o)
 .ARM.extab.text.TC6_Handler
                0x000871c4        0xc Builds/embeddedcomputing.a(DueTimer.o)
 .ARM.extab.text.TC5_Handler
                0x000871d0        0xc Builds/embeddedcomputing.a(DueTimer.o)
 .ARM.extab.text.TC4_Handler
                0x000871dc        0xc Builds/embeddedcomputing.a(DueTimer.o)
 .ARM.extab.text.TC3_Handler
                0x000871e8        0xc Builds/embeddedcomputing.a(DueTimer.o)
 .ARM.extab.text.TC2_Handler
                0x000871f4        0xc Builds/embeddedcomputing.a(DueTimer.o)
 .ARM.extab.text.TC1_Handler
                0x00087200        0xc Builds/embeddedcomputing.a(DueTimer.o)
 .ARM.extab.text.TC0_Handler
                0x0008720c        0xc Builds/embeddedcomputing.a(DueTimer.o)
                0x00087218                . = ALIGN (0x4)
 *(.init)
 .init          0x00087218        0x4 /Applications/Arduino.app/Contents/Resources/Java/hardware/tools/g++_arm_none_eabi/bin/../lib/gcc/arm-none-eabi/4.4.1/thumb2/crti.o
                0x00087218                _init
 .init          0x0008721c        0x8 /Applications/Arduino.app/Contents/Resources/Java/hardware/tools/g++_arm_none_eabi/bin/../lib/gcc/arm-none-eabi/4.4.1/thumb2/crtn.o
                0x00087224                . = ALIGN (0x4)
                0x00087224                __preinit_array_start = .
 *(.preinit_array)
                0x00087224                __preinit_array_end = .
                0x00087224                . = ALIGN (0x4)
                0x00087224                __init_array_start = .
 *(SORT(.init_array.*))
 *(.init_array)
 .init_array    0x00087224        0x4 /Applications/Arduino.app/Contents/Resources/Java/hardware/tools/g++_arm_none_eabi/bin/../lib/gcc/arm-none-eabi/4.4.1/thumb2/crtbegin.o
 .init_array    0x00087228        0x4 Builds/variant.o
 .init_array    0x0008722c        0x4 Builds/command.o
 .init_array    0x00087230        0x4 Builds/move.o
 .init_array    0x00087234        0x4 Builds/sense.o
 .init_array    0x00087238        0x4 Builds/embeddedcomputing.a(USBCore.o)
 .init_array    0x0008723c        0x4 Builds/embeddedcomputing.a(Wire.o)
 .init_array    0x00087240        0x4 Builds/embeddedcomputing.a(DueTimer.o)
 .init_array    0x00087244        0x4 Builds/embeddedcomputing.a(CDC.o)
 .init_array    0x00087248        0x4 Builds/embeddedcomputing.a(HID.o)
                0x0008724c                __init_array_end = .
                0x0008724c                . = ALIGN (0x4)
 *crtbegin.o(.ctors)
 *(EXCLUDE_FILE(*crtend.o) .ctors)
 *(SORT(.ctors.*))
 *crtend.o(.ctors)
                0x0008724c                . = ALIGN (0x4)
 *(.fini)
 .fini          0x0008724c        0x4 /Applications/Arduino.app/Contents/Resources/Java/hardware/tools/g++_arm_none_eabi/bin/../lib/gcc/arm-none-eabi/4.4.1/thumb2/crti.o
                0x0008724c                _fini
 .fini          0x00087250        0x8 /Applications/Arduino.app/Contents/Resources/Java/hardware/tools/g++_arm_none_eabi/bin/../lib/gcc/arm-none-eabi/4.4.1/thumb2/crtn.o
                0x00087258                . = ALIGN (0x4)
                0x00087258                __fini_array_start = .
 *(.fini_array)
 .fini_array    0x00087258        0x4 /Applications/Arduino.app/Contents/Resources/Java/hardware/tools/g++_arm_none_eabi/bin/../lib/gcc/arm-none-eabi/4.4.1/thumb2/crtbegin.o
 *(SORT(.fini_array.*))
                0x0008725c                __fini_array_end = .
 *crtbegin.o(.dtors)
 *(EXCLUDE_FILE(*crtend.o) .dtors)
 *(SORT(.dtors.*))
 *crtend.o(.dtors)
                0x0008725c                . = ALIGN (0x4)
                0x0008725c                _efixed = .
                0x0008725c                PROVIDE (__exidx_start, .)

.jcr            0x0008725c        0x0
 .jcr           0x0008725c        0x0 /Applications/Arduino.app/Contents/Resources/Java/hardware/tools/g++_arm_none_eabi/bin/../lib/gcc/arm-none-eabi/4.4.1/thumb2/crtbegin.o

.vfp11_veneer   0x0008725c        0x0
 .vfp11_veneer  0x00000000        0x0 linker stubs

.v4_bx          0x0008725c        0x0
 .v4_bx         0x00000000        0x0 linker stubs

.ARM.exidx      0x0008725c      0x1b8
 *(.ARM.exidx* .gnu.linkonce.armexidx.*)
 .ARM.exidx.text._Z11serialEventv
                0x0008725c        0x8 Builds/variant.o
 .ARM.exidx.text._Z12serialEvent1v
                0x00087264        0x0 Builds/variant.o
                                  0x8 (size before relaxing)
 .ARM.exidx.text._Z12serialEvent2v
                0x00087264        0x0 Builds/variant.o
                                  0x8 (size before relaxing)
 .ARM.exidx.text._Z12serialEvent3v
                0x00087264        0x0 Builds/variant.o
                                  0x8 (size before relaxing)
 .ARM.exidx.text.init
                0x00087264        0x8 Builds/variant.o
 .ARM.exidx.text._Z14serialEventRunv
                0x0008726c        0x8 Builds/variant.o
 .ARM.exidx.text.USART3_Handler
                0x00087274        0x8 Builds/variant.o
 .ARM.exidx.text.USART1_Handler
                0x0008727c        0x0 Builds/variant.o
                                  0x8 (size before relaxing)
 .ARM.exidx.text.USART0_Handler
                0x0008727c        0x0 Builds/variant.o
                                  0x8 (size before relaxing)
 .ARM.exidx.text.UART_Handler
                0x0008727c        0x0 Builds/variant.o
                                  0x8 (size before relaxing)
 .ARM.exidx.text._GLOBAL__I_g_APinDescription
                0x0008727c        0x8 Builds/variant.o
 .ARM.exidx     0x00087284       0x80 /Applications/Arduino.app/Contents/Resources/Java/hardware/tools/g++_arm_none_eabi/bin/../lib/gcc/arm-none-eabi/4.4.1/thumb2/libgcc.a(unwind-arm.o)
                                 0xc0 (size before relaxing)
 .ARM.exidx     0x00087304       0x38 /Applications/Arduino.app/Contents/Resources/Java/hardware/tools/g++_arm_none_eabi/bin/../lib/gcc/arm-none-eabi/4.4.1/thumb2/libgcc.a(pr-support.o)
                                 0x48 (size before relaxing)
 .ARM.exidx.text._ZN7TwoWireC1EP3TwiPFvvE
                0x0008733c        0x0 Builds/embeddedcomputing.a(Wire.o)
                                  0x8 (size before relaxing)
 .ARM.exidx.text._ZN7TwoWire5writeEh
                0x0008733c        0x0 Builds/embeddedcomputing.a(Wire.o)
                                  0x8 (size before relaxing)
 .ARM.exidx.text._ZN7TwoWire5writeEPKhj
                0x0008733c        0x0 Builds/embeddedcomputing.a(Wire.o)
                                  0x8 (size before relaxing)
 .ARM.exidx.text._ZN7TwoWire9availableEv
                0x0008733c        0x0 Builds/embeddedcomputing.a(Wire.o)
                                  0x8 (size before relaxing)
 .ARM.exidx.text._ZN7TwoWire4readEv
                0x0008733c        0x0 Builds/embeddedcomputing.a(Wire.o)
                                  0x8 (size before relaxing)
 .ARM.exidx.text._ZN7TwoWire4peekEv
                0x0008733c        0x0 Builds/embeddedcomputing.a(Wire.o)
                                  0x8 (size before relaxing)
 .ARM.exidx.text._ZN7TwoWire5flushEv
                0x0008733c        0x0 Builds/embeddedcomputing.a(Wire.o)
                                  0x8 (size before relaxing)
 .ARM.exidx.text._ZL10Wire1_Initv
                0x0008733c        0x8 Builds/embeddedcomputing.a(Wire.o)
 .ARM.exidx.text._ZL9Wire_Initv
                0x00087344        0x0 Builds/embeddedcomputing.a(Wire.o)
                                  0x8 (size before relaxing)
 .ARM.exidx.text._ZN7TwoWire9onServiceEv
                0x00087344        0x8 Builds/embeddedcomputing.a(Wire.o)
 .ARM.exidx.text.TWI0_Handler
                0x0008734c        0x8 Builds/embeddedcomputing.a(Wire.o)
 .ARM.exidx.text.TWI1_Handler
                0x00087354        0x0 Builds/embeddedcomputing.a(Wire.o)
                                  0x8 (size before relaxing)
 .ARM.exidx.text._GLOBAL__I__ZN7TwoWireC2EP3TwiPFvvE
                0x00087354        0x0 Builds/embeddedcomputing.a(Wire.o)
                                  0x8 (size before relaxing)
 .ARM.exidx.text._ZN12AccelStepper4stepEl
                0x00087354        0x8 Builds/embeddedcomputing.a(AccelStepper.o)
 .ARM.exidx.text._ZN12AccelStepper5step0El
                0x0008735c        0x8 Builds/embeddedcomputing.a(AccelStepper.o)
 .ARM.exidx.text._ZN12AccelStepper5step1El
                0x00087364        0x0 Builds/embeddedcomputing.a(AccelStepper.o)
                                  0x8 (size before relaxing)
 .ARM.exidx.text._ZN12AccelStepper5step2El
                0x00087364        0x8 Builds/embeddedcomputing.a(AccelStepper.o)
 .ARM.exidx.text._ZN12AccelStepper5step3El
                0x0008736c        0x8 Builds/embeddedcomputing.a(AccelStepper.o)
 .ARM.exidx.text._ZN12AccelStepper5step4El
                0x00087374        0x8 Builds/embeddedcomputing.a(AccelStepper.o)
 .ARM.exidx.text._ZN12AccelStepper5step6El
                0x0008737c        0x8 Builds/embeddedcomputing.a(AccelStepper.o)
 .ARM.exidx.text._ZN12AccelStepper5step8El
                0x00087384        0x8 Builds/embeddedcomputing.a(AccelStepper.o)
 .ARM.exidx.text._ZN12AccelStepper13enableOutputsEv
                0x0008738c        0x8 Builds/embeddedcomputing.a(AccelStepper.o)
 .ARM.exidx.text._ZN12AccelStepperC1Ehhhhhb
                0x00087394        0x8 Builds/embeddedcomputing.a(AccelStepper.o)
 .ARM.exidx.text._ZN12AccelStepper14disableOutputsEv
                0x0008739c        0x8 Builds/embeddedcomputing.a(AccelStepper.o)
 .ARM.exidx.text._ZN12AccelStepper13setOutputPinsEh
                0x000873a4        0x8 Builds/embeddedcomputing.a(AccelStepper.o)
 .ARM.exidx.text._ZN12CmdMessenger5resetEv
                0x000873ac        0x8 Builds/embeddedcomputing.a(CmdMessenger.o)
 .ARM.exidx.text._ZN12CmdMessenger4initER6Streamccc
                0x000873b4        0x0 Builds/embeddedcomputing.a(CmdMessenger.o)
                                  0x8 (size before relaxing)
 .ARM.exidx.text._ZN12CmdMessengerC1ER6Streamccc
                0x000873b4        0x0 Builds/embeddedcomputing.a(CmdMessenger.o)
                                  0x8 (size before relaxing)
 .ARM.exidx.text._ZN8DueTimerC1Ei
                0x000873b4        0x0 Builds/embeddedcomputing.a(DueTimer.o)
                                  0x8 (size before relaxing)
 .ARM.exidx.text.TC8_Handler
                0x000873b4        0x8 Builds/embeddedcomputing.a(DueTimer.o)
 .ARM.exidx.text.TC7_Handler
                0x000873bc        0x8 Builds/embeddedcomputing.a(DueTimer.o)
 .ARM.exidx.text.TC6_Handler
                0x000873c4        0x8 Builds/embeddedcomputing.a(DueTimer.o)
 .ARM.exidx.text.TC5_Handler
                0x000873cc        0x8 Builds/embeddedcomputing.a(DueTimer.o)
 .ARM.exidx.text.TC4_Handler
                0x000873d4        0x8 Builds/embeddedcomputing.a(DueTimer.o)
 .ARM.exidx.text.TC3_Handler
                0x000873dc        0x8 Builds/embeddedcomputing.a(DueTimer.o)
 .ARM.exidx.text.TC2_Handler
                0x000873e4        0x8 Builds/embeddedcomputing.a(DueTimer.o)
 .ARM.exidx.text.TC1_Handler
                0x000873ec        0x8 Builds/embeddedcomputing.a(DueTimer.o)
 .ARM.exidx.text.TC0_Handler
                0x000873f4        0x8 Builds/embeddedcomputing.a(DueTimer.o)
 .ARM.exidx.text._GLOBAL__I__ZN8DueTimer6TimersE
                0x000873fc        0x8 Builds/embeddedcomputing.a(DueTimer.o)
 .ARM.exidx.text._ZN7MPU6050C1Ev
                0x00087404        0x0 Builds/embeddedcomputing.a(MPU6050.o)
                                  0x8 (size before relaxing)
 .ARM.exidx.text._ZN19MovingAvarageFilterC1Ej
                0x00087404        0x0 Builds/embeddedcomputing.a(MovingAvarageFilter.o)
                                  0x8 (size before relaxing)
 .ARM.exidx.text._ZN3PID10SetTuningsEddd
                0x00087404        0x0 Builds/embeddedcomputing.a(PID_v1.o)
                                  0x8 (size before relaxing)
 .ARM.exidx.text._ZN3PID15SetOutputLimitsEdd
                0x00087404        0x0 Builds/embeddedcomputing.a(PID_v1.o)
                                  0x8 (size before relaxing)
 .ARM.exidx.text._ZN3PID22SetControllerDirectionEi
                0x00087404        0x0 Builds/embeddedcomputing.a(PID_v1.o)
                                  0x8 (size before relaxing)
 .ARM.exidx.text._ZN3PIDC1EPdS0_S0_dddi
                0x00087404       0x10 Builds/embeddedcomputing.a(PID_v1.o)
                                  0x8 (size before relaxing)
                0x00087414                PROVIDE (__exidx_end, .)
                0x00087414                . = ALIGN (0x4)
                0x00087414                _etext = .

.relocate       0x20070000      0x570 load address 0x00087414
                0x20070000                . = ALIGN (0x4)
                0x20070000                _srelocate = .
 *(.ramfunc .ramfunc.*)
 .ramfunc       0x20070000       0x34 Builds/embeddedcomputing.a(Reset.o)
                0x20070000                banzai
 *(.data .data.*)
 .data.SystemCoreClock
                0x20070034        0x4 /Applications/Arduino.app/Contents/Resources/Java/hardware/arduino/sam/variants/arduino_due_x/libsam_sam3x8e_gcc_rel.a(system_sam3xa.o)
                0x20070034                SystemCoreClock
 .data.angleKi  0x20070038        0x8 Builds/command.o
                0x20070038                angleKi
 .data.angleKp  0x20070040        0x8 Builds/command.o
                0x20070040                angleKp
 .data.leftDirPin
                0x20070048        0x4 Builds/move.o
                0x20070048                leftDirPin
 .data.rightStepperPin
                0x2007004c        0x4 Builds/move.o
                0x2007004c                rightStepperPin
 .data.rightDirPin
                0x20070050        0x4 Builds/move.o
                0x20070050                rightDirPin
 .data.leftStepperPin
                0x20070054        0x4 Builds/move.o
                0x20070054                leftStepperPin
 .data._ZL5ticks
                0x20070058        0x4 Builds/embeddedcomputing.a(Reset.o)
 .data._ZL12_usbLineInfo
                0x2007005c        0x8 Builds/embeddedcomputing.a(CDC.o)
 .data._hid_protocol
                0x20070064        0x1 Builds/embeddedcomputing.a(HID.o)
                0x20070064                _hid_protocol
 .data._hid_idle
                0x20070065        0x1 Builds/embeddedcomputing.a(HID.o)
                0x20070065                _hid_idle
 *fill*         0x20070066        0x2 00
 .data.g_interrupt_enabled
                0x20070068        0x4 /Applications/Arduino.app/Contents/Resources/Java/hardware/arduino/sam/variants/arduino_due_x/libsam_sam3x8e_gcc_rel.a(interrupt_sam_nvic.o)
                0x20070068                g_interrupt_enabled
 .data.impure_data
                0x2007006c       0xf0 /Applications/Arduino.app/Contents/Resources/Java/hardware/tools/g++_arm_none_eabi/bin/../lib/gcc/arm-none-eabi/4.4.1/../../../../arm-none-eabi/lib/thumb2/libc.a(lib_a-impure.o)
 .data._impure_ptr
                0x2007015c        0x4 /Applications/Arduino.app/Contents/Resources/Java/hardware/tools/g++_arm_none_eabi/bin/../lib/gcc/arm-none-eabi/4.4.1/../../../../arm-none-eabi/lib/thumb2/libc.a(lib_a-impure.o)
                0x2007015c                _impure_ptr
 .data.__malloc_av_
                0x20070160      0x408 /Applications/Arduino.app/Contents/Resources/Java/hardware/tools/g++_arm_none_eabi/bin/../lib/gcc/arm-none-eabi/4.4.1/../../../../arm-none-eabi/lib/thumb2/libc.a(lib_a-mallocr.o)
                0x20070160                __malloc_av_
 .data.__malloc_trim_threshold
                0x20070568        0x4 /Applications/Arduino.app/Contents/Resources/Java/hardware/tools/g++_arm_none_eabi/bin/../lib/gcc/arm-none-eabi/4.4.1/../../../../arm-none-eabi/lib/thumb2/libc.a(lib_a-mallocr.o)
                0x20070568                __malloc_trim_threshold
 .data.__malloc_sbrk_base
                0x2007056c        0x4 /Applications/Arduino.app/Contents/Resources/Java/hardware/tools/g++_arm_none_eabi/bin/../lib/gcc/arm-none-eabi/4.4.1/../../../../arm-none-eabi/lib/thumb2/libc.a(lib_a-mallocr.o)
                0x2007056c                __malloc_sbrk_base
                0x20070570                . = ALIGN (0x4)
                0x20070570                _erelocate = .

.bss            0x20070570      0xba8 load address 0x00087984
                0x20070570                . = ALIGN (0x4)
                0x20070570                _sbss = .
                0x20070570                _szero = .
 *(.bss .bss.*)
 .bss           0x20070570        0x1 /Applications/Arduino.app/Contents/Resources/Java/hardware/tools/g++_arm_none_eabi/bin/../lib/gcc/arm-none-eabi/4.4.1/thumb2/crtbegin.o
 *fill*         0x20070571        0x3 00
 .bss.Serial    0x20070574       0x20 Builds/variant.o
                0x20070574                Serial
 .bss.rx_buffer1
                0x20070594       0x48 Builds/variant.o
                0x20070594                rx_buffer1
 .bss.Serial1   0x200705dc       0x20 Builds/variant.o
                0x200705dc                Serial1
 .bss.Serial2   0x200705fc       0x20 Builds/variant.o
                0x200705fc                Serial2
 .bss.Serial3   0x2007061c       0x20 Builds/variant.o
                0x2007061c                Serial3
 .bss.rx_buffer2
                0x2007063c       0x48 Builds/variant.o
                0x2007063c                rx_buffer2
 .bss.rx_buffer3
                0x20070684       0x48 Builds/variant.o
                0x20070684                rx_buffer3
 .bss.rx_buffer4
                0x200706cc       0x48 Builds/variant.o
                0x200706cc                rx_buffer4
 .bss.heap.3798
                0x20070714        0x4 Builds/syscalls_sam3.o
 .bss.gpf_isr   0x20070718        0x4 /Applications/Arduino.app/Contents/Resources/Java/hardware/arduino/sam/variants/arduino_due_x/libsam_sam3x8e_gcc_rel.a(uotghs.o)
                0x20070718                gpf_isr
 *fill*         0x2007071c        0x4 00
 .bss.movingAvarageFilter
                0x20070720       0xb8 Builds/command.o
                0x20070720                movingAvarageFilter
 .bss.cmdMessenger
                0x200707d8      0x12c Builds/command.o
                0x200707d8                cmdMessenger
 *fill*         0x20070904        0x4 00
 .bss.angleKd   0x20070908        0x8 Builds/command.o
                0x20070908                angleKd
 .bss.anglePID  0x20070910       0x78 Builds/command.o
                0x20070910                anglePID
 .bss.rightStepper
                0x20070988       0x54 Builds/move.o
                0x20070988                rightStepper
 .bss.leftStepper
                0x200709dc       0x54 Builds/move.o
                0x200709dc                leftStepper
 .bss.q         0x20070a30       0x10 Builds/sense.o
                0x20070a30                q
 .bss.mpu       0x20070a40       0x18 Builds/sense.o
                0x20070a40                mpu
 .bss.angleInput
                0x20070a58        0x8 Builds/sense.o
                0x20070a58                angleInput
 .bss.angleOutput
                0x20070a60        0x8 Builds/sense.o
                0x20070a60                angleOutput
 .bss.gravity   0x20070a68        0xc Builds/sense.o
                0x20070a68                gravity
 *fill*         0x20070a74        0x4 00
 .bss.angleSetpoint
                0x20070a78        0x8 Builds/sense.o
                0x20070a78                angleSetpoint
 .bss.callbacksPioA
                0x20070a80       0x80 Builds/embeddedcomputing.a(WInterrupts.o)
 .bss.callbacksPioB
                0x20070b00       0x80 Builds/embeddedcomputing.a(WInterrupts.o)
 .bss.callbacksPioC
                0x20070b80       0x80 Builds/embeddedcomputing.a(WInterrupts.o)
 .bss.callbacksPioD
                0x20070c00       0x80 Builds/embeddedcomputing.a(WInterrupts.o)
 .bss.pinEnabled
                0x20070c80       0x50 Builds/embeddedcomputing.a(wiring_analog.o)
 .bss._ZL14isEndpointHalt
                0x20070cd0        0x1 Builds/embeddedcomputing.a(USBCore.o)
 *fill*         0x20070cd1        0x3 00
 .bss._cmark    0x20070cd4        0x4 Builds/embeddedcomputing.a(USBCore.o)
                0x20070cd4                _cmark
 .bss._cend     0x20070cd8        0x4 Builds/embeddedcomputing.a(USBCore.o)
                0x20070cd8                _cend
 .bss._cdcComposite
                0x20070cdc        0x4 Builds/embeddedcomputing.a(USBCore.o)
                0x20070cdc                _cdcComposite
 .bss._usbInitialized
                0x20070ce0        0x4 Builds/embeddedcomputing.a(USBCore.o)
                0x20070ce0                _usbInitialized
 .bss.USBDevice
                0x20070ce4        0x4 Builds/embeddedcomputing.a(USBCore.o)
                0x20070ce4                USBDevice
 .bss._usbSetInterface
                0x20070ce8        0x4 Builds/embeddedcomputing.a(USBCore.o)
                0x20070ce8                _usbSetInterface
 .bss._ZL21isRemoteWakeUpEnabled
                0x20070cec        0x1 Builds/embeddedcomputing.a(USBCore.o)
 *fill*         0x20070ced        0x3 00
 .bss._usbConfiguration
                0x20070cf0        0x4 Builds/embeddedcomputing.a(USBCore.o)
                0x20070cf0                _usbConfiguration
 .bss.Wire1     0x20070cf4       0x8c Builds/embeddedcomputing.a(Wire.o)
                0x20070cf4                Wire1
 .bss.Wire      0x20070d80       0x8c Builds/embeddedcomputing.a(Wire.o)
                0x20070d80                Wire
 .bss.Timer0    0x20070e0c        0x4 Builds/embeddedcomputing.a(DueTimer.o)
                0x20070e0c                Timer0
 .bss.Timer1    0x20070e10        0x4 Builds/embeddedcomputing.a(DueTimer.o)
                0x20070e10                Timer1
 .bss.Timer2    0x20070e14        0x4 Builds/embeddedcomputing.a(DueTimer.o)
                0x20070e14                Timer2
 .bss.Timer3    0x20070e18        0x4 Builds/embeddedcomputing.a(DueTimer.o)
                0x20070e18                Timer3
 .bss.Timer4    0x20070e1c        0x4 Builds/embeddedcomputing.a(DueTimer.o)
                0x20070e1c                Timer4
 .bss.Timer6    0x20070e20        0x4 Builds/embeddedcomputing.a(DueTimer.o)
                0x20070e20                Timer6
 .bss.Timer7    0x20070e24        0x4 Builds/embeddedcomputing.a(DueTimer.o)
                0x20070e24                Timer7
 .bss.Timer8    0x20070e28        0x4 Builds/embeddedcomputing.a(DueTimer.o)
                0x20070e28                Timer8
 .bss._ZN8DueTimer9callbacksE
                0x20070e2c       0x24 Builds/embeddedcomputing.a(DueTimer.o)
                0x20070e2c                _ZN8DueTimer9callbacksE
 .bss.Timer5    0x20070e50        0x4 Builds/embeddedcomputing.a(DueTimer.o)
                0x20070e50                Timer5
 .bss.Timer     0x20070e54        0x4 Builds/embeddedcomputing.a(DueTimer.o)
                0x20070e54                Timer
 .bss.cdc_rx_buffer
                0x20070e58      0x208 Builds/embeddedcomputing.a(CDC.o)
                0x20070e58                cdc_rx_buffer
 .bss._ZZN7Serial_6acceptEvE5guard
                0x20071060        0x4 Builds/embeddedcomputing.a(CDC.o)
 .bss.SerialUSB
                0x20071064       0x14 Builds/embeddedcomputing.a(CDC.o)
                0x20071064                SerialUSB
 .bss.Mouse     0x20071078        0x4 Builds/embeddedcomputing.a(HID.o)
                0x20071078                Mouse
 .bss.Keyboard  0x2007107c       0x10 Builds/embeddedcomputing.a(HID.o)
                0x2007107c                Keyboard
 .bss._dwTickCount
                0x2007108c        0x4 /Applications/Arduino.app/Contents/Resources/Java/hardware/arduino/sam/variants/arduino_due_x/libsam_sam3x8e_gcc_rel.a(timetick.o)
 .bss.ul_recv_fifo_ptr
                0x20071090       0x28 /Applications/Arduino.app/Contents/Resources/Java/hardware/arduino/sam/variants/arduino_due_x/libsam_sam3x8e_gcc_rel.a(uotghs_device.o)
 .bss.ul_send_fifo_ptr
                0x200710b8       0x28 /Applications/Arduino.app/Contents/Resources/Java/hardware/arduino/sam/variants/arduino_due_x/libsam_sam3x8e_gcc_rel.a(uotghs_device.o)
 .bss.__malloc_max_total_mem
                0x200710e0        0x4 /Applications/Arduino.app/Contents/Resources/Java/hardware/tools/g++_arm_none_eabi/bin/../lib/gcc/arm-none-eabi/4.4.1/../../../../arm-none-eabi/lib/thumb2/libc.a(lib_a-mallocr.o)
                0x200710e0                __malloc_max_total_mem
 .bss.__malloc_max_sbrked_mem
                0x200710e4        0x4 /Applications/Arduino.app/Contents/Resources/Java/hardware/tools/g++_arm_none_eabi/bin/../lib/gcc/arm-none-eabi/4.4.1/../../../../arm-none-eabi/lib/thumb2/libc.a(lib_a-mallocr.o)
                0x200710e4                __malloc_max_sbrked_mem
 .bss.__malloc_top_pad
                0x200710e8        0x4 /Applications/Arduino.app/Contents/Resources/Java/hardware/tools/g++_arm_none_eabi/bin/../lib/gcc/arm-none-eabi/4.4.1/../../../../arm-none-eabi/lib/thumb2/libc.a(lib_a-mallocr.o)
                0x200710e8                __malloc_top_pad
 .bss.__malloc_current_mallinfo
                0x200710ec       0x28 /Applications/Arduino.app/Contents/Resources/Java/hardware/tools/g++_arm_none_eabi/bin/../lib/gcc/arm-none-eabi/4.4.1/../../../../arm-none-eabi/lib/thumb2/libc.a(lib_a-mallocr.o)
                0x200710ec                __malloc_current_mallinfo
 *(COMMON)
 COMMON         0x20071114        0x4 /Applications/Arduino.app/Contents/Resources/Java/hardware/tools/g++_arm_none_eabi/bin/../lib/gcc/arm-none-eabi/4.4.1/../../../../arm-none-eabi/lib/thumb2/libc.a(lib_a-reent.o)
                0x20071114                errno
                0x20071118                . = ALIGN (0x4)
                0x20071118                _ebss = .
                0x20071118                _ezero = .
                0x20071118                . = ALIGN (0x4)
                0x20071118                _end = .

.stack_dummy    0x20071118        0x0
 *(.stack*)
                0x20088000                __StackTop = 0x20088000